[{"stream_name":"stderr","time":8.174000894,"data":"0.00s - Debugger warning: It seems that frozen modules are being used, which may\n"}
,{"stream_name":"stderr","time":8.174045916,"data":"0.00s - make the debugger miss breakpoints. Please pass -Xfrozen_modules=off\n"}
,{"stream_name":"stderr","time":8.174052426,"data":"0.00s - to python to disable frozen modules.\n"}
,{"stream_name":"stderr","time":8.174056364,"data":"0.00s - Note: Debugging will proceed. Set PYDEVD_DISABLE_FILE_VALIDATION=1 to disable this validation.\n"}
,{"stream_name":"stderr","time":8.859322411,"data":"0.00s - Debugger warning: It seems that frozen modules are being used, which may\n"}
,{"stream_name":"stderr","time":8.859373475,"data":"0.00s - make the debugger miss breakpoints. Please pass -Xfrozen_modules=off\n"}
,{"stream_name":"stderr","time":8.859381822,"data":"0.00s - to python to disable frozen modules.\n"}
,{"stream_name":"stderr","time":8.859385813,"data":"0.00s - Note: Debugging will proceed. Set PYDEVD_DISABLE_FILE_VALIDATION=1 to disable this validation.\n"}
,{"stream_name":"stdout","time":10.093488731,"data":"Writing /kaggle/working/registration-manifest.json\n"}
,{"stream_name":"stdout","time":10.188038203,"data":"Writing /kaggle/working/s2_run.py\n"}
,{"stream_name":"stdout","time":18.386534579,"data":"[21:37:29] Study 2 runner s2-single-notebook-1; session budget 11.25 h (11.25 h of work time left)\n"}
,{"stream_name":"stdout","time":48.892577252,"data":"[21:37:59] Restored previous session state from /kaggle/input/s2-single-notebook-run/s2state in 30s\n"}
,{"stream_name":"stdout","time":49.199900629,"data":"[21:38:00] pilot_online: /kaggle/input/datasets/danny00/stage1-online-inputes/online\n"}
,{"stream_name":"stdout","time":49.200890757,"data":"[21:38:00] pilot_orders: /kaggle/input/datasets/danny00/stage1-online-inputes/orders\n"}
,{"stream_name":"stdout","time":49.201763596,"data":"[21:38:00] s2_online: /kaggle/input/datasets/danny00/study2-online-inputs/s2online\n"}
,{"stream_name":"stdout","time":49.202611684,"data":"[21:38:00] s2_orders: /kaggle/input/datasets/danny00/study2-online-inputs/s2orders\n"}
,{"stream_name":"stdout","time":49.20337699,"data":"[21:38:00] pilot_state: /kaggle/input/h1-single-notebook-run/h1state\n"}
,{"stream_name":"stdout","time":72.080551671,"data":"[21:38:23] Pilot assets and data hashes verified in 23s; selected domain mc4-zh (allenai/c4 @ 1588ec454efa)\n"}
,{"stream_name":"stdout","time":72.15297605,"data":"[21:38:23] Session 2: torch 2.11.0+cu128 CUDA 12.8, GPUs ['Tesla T4, 580.178.04', 'Tesla T4, 580.178.04']\n"}
,{"stream_name":"stdout","time":79.806492436,"data":"[RMS] [21:38:30] worker RMS on Tesla T4 (torch 2.11.0+cu128); deadline in 11.13 h\n"}
,{"stream_name":"stdout","time":79.806522862,"data":"[Taper-minus] [21:38:30] worker Taper-minus on Tesla T4 (torch 2.11.0+cu128); deadline in 11.13 h\n"}
,{"stream_name":"stdout","time":87.657362378,"data":"[RMS] [21:38:38] S106-RMS: resumed at prefix step 763 (global update 763)\n"}
,{"stream_name":"stdout","time":87.658196873,"data":"[Taper-minus] [21:38:38] S106-Taper-minus: resumed at prefix step 763 (global update 763)\n"}
,{"stream_name":"stdout","time":122.964813125,"data":"[RMS] [21:39:13] S106-RMS prefix@763: full-dev web CE 6.0022, python non-W CE 8.1916\n"}
,{"stream_name":"stdout","time":123.398778688,"data":"[Taper-minus] [21:39:14] S106-Taper-minus prefix@763: full-dev web CE 6.0020, python non-W CE 8.1823\n"}
,{"stream_name":"stdout","time":210.791530943,"data":"[RMS] [21:40:41] S106-RMS prefix 1013/9156 u=1013 ce=5.7788 gn=0.694 scale=128.0 33,266 tok/s (incl. eval)\n"}
,{"stream_name":"stdout","time":219.954195049,"data":"[Taper-minus] [21:40:50] S106-Taper-minus prefix 1013/9156 u=1013 ce=5.7789 gn=0.704 scale=128.0 30,961 tok/s (incl. eval)\n"}
,{"stream_name":"stdout","time":301.114426232,"data":"[RMS] [21:42:12] S106-RMS prefix 1263/9156 u=1263 ce=5.7730 gn=0.695 scale=128.0 45,348 tok/s (incl. eval)\n"}
,{"stream_name":"stdout","time":318.40287026,"data":"[Taper-minus] [21:42:29] S106-Taper-minus prefix 1263/9156 u=1263 ce=5.7723 gn=0.699 scale=128.0 41,606 tok/s (incl. eval)\n"}
,{"stream_name":"stdout","time":393.66884859,"data":"[RMS] [21:43:44] S106-RMS prefix 1513/9156 u=1513 ce=5.3021 gn=0.899 scale=128.0 44,255 tok/s (incl. eval)\n"}
,{"stream_name":"stdout","time":416.821057633,"data":"[Taper-minus] [21:44:07] S106-Taper-minus prefix 1513/9156 u=1513 ce=5.3002 gn=0.890 scale=128.0 41,618 tok/s (incl. eval)\n"}
,{"stream_name":"stdout","time":486.518142191,"data":"[RMS] [21:45:17] S106-RMS prefix 1763/9156 u=1763 ce=5.4645 gn=0.852 scale=128.0 44,114 tok/s (incl. eval)\n"}
,{"stream_name":"stdout","time":515.374196156,"data":"[Taper-minus] [21:45:46] S106-Taper-minus prefix 1763/9156 u=1763 ce=5.4651 gn=0.844 scale=128.0 41,562 tok/s (incl. eval)\n"}
,{"stream_name":"stdout","time":579.286716021,"data":"[RMS] [21:46:50] S106-RMS prefix 2013/9156 u=2013 ce=5.4017 gn=0.834 scale=256.0 44,153 tok/s (incl. eval)\n"}
,{"stream_name":"stdout","time":613.875848359,"data":"[Taper-minus] [21:47:24] S106-Taper-minus prefix 2013/9156 u=2013 ce=5.3997 gn=0.838 scale=256.0 41,585 tok/s (incl. eval)\n"}
,{"stream_name":"stdout","time":672.213215726,"data":"[RMS] [21:48:23] S106-RMS prefix 2263/9156 u=2263 ce=5.1923 gn=0.916 scale=256.0 44,078 tok/s (incl. eval)\n"}
,{"stream_name":"stdout","time":712.435872033,"data":"[Taper-minus] [21:49:03] S106-Taper-minus prefix 2263/9156 u=2263 ce=5.1864 gn=0.869 scale=256.0 41,559 tok/s (incl. eval)\n"}
,{"stream_name":"stdout","time":765.048016208,"data":"[RMS] [21:49:56] S106-RMS prefix 2513/9156 u=2513 ce=5.0038 gn=0.878 scale=256.0 44,121 tok/s (incl. eval)\n"}
,{"stream_name":"stdout","time":811.140946629,"data":"[Taper-minus] [21:50:42] S106-Taper-minus prefix 2513/9156 u=2513 ce=5.0054 gn=0.924 scale=256.0 41,497 tok/s (incl. eval)\n"}
,{"stream_name":"stdout","time":857.939072861,"data":"[RMS] [21:51:28] S106-RMS prefix 2763/9156 u=2763 ce=5.2336 gn=0.956 scale=256.0 44,095 tok/s (incl. eval)\n"}
,{"stream_name":"stdout","time":909.930021749,"data":"[Taper-minus] [21:52:20] S106-Taper-minus prefix 2763/9156 u=2763 ce=5.2281 gn=0.915 scale=256.0 41,463 tok/s (incl. eval)\n"}
,{"stream_name":"stdout","time":950.786831049,"data":"[RMS] [21:53:01] S106-RMS prefix 3013/9156 u=3013 ce=5.0166 gn=0.944 scale=256.0 44,116 tok/s (incl. eval)\n"}
,{"stream_name":"stdout","time":1003.330022596,"data":"[RMS] [21:53:54] S106-RMS prefix@3052: full-dev web CE 5.0347, python non-W CE 6.7694\n"}
,{"stream_name":"stdout","time":1010.552466074,"data":"[Taper-minus] [21:54:01] S106-Taper-minus prefix 3013/9156 u=3013 ce=5.0198 gn=0.995 scale=256.0 40,704 tok/s (incl. eval)\n"}
,{"stream_name":"stdout","time":1066.189360469,"data":"[Taper-minus] [21:54:57] S106-Taper-minus prefix@3052: full-dev web CE 5.0306, python non-W CE 6.7819\n"}
,{"stream_name":"stdout","time":1083.750254731,"data":"[RMS] [21:55:14] S106-RMS prefix 3263/9156 u=3263 ce=4.8581 gn=1.023 scale=256.0 30,804 tok/s (incl. eval)\n"}
,{"stream_name":"stdout","time":1149.419485057,"data":"[Taper-minus] [21:56:20] S106-Taper-minus prefix 3263/9156 u=3263 ce=4.8581 gn=1.036 scale=256.0 29,497 tok/s (incl. eval)\n"}
,{"stream_name":"stdout","time":1176.809919953,"data":"[RMS] [21:56:47] S106-RMS prefix 3513/9156 u=3513 ce=4.9158 gn=0.881 scale=256.0 44,015 tok/s (incl. eval)\n"}
,{"stream_name":"stdout","time":1248.000053646,"data":"[Taper-minus] [21:57:58] S106-Taper-minus prefix 3513/9156 u=3513 ce=4.9126 gn=0.865 scale=256.0 41,550 tok/s (incl. eval)\n"}
,{"stream_name":"stdout","time":1269.751198145,"data":"[RMS] [21:58:20] S106-RMS prefix 3763/9156 u=3763 ce=5.0999 gn=0.914 scale=256.0 44,071 tok/s (incl. eval)\n"}
,{"stream_name":"stdout","time":1346.737092322,"data":"[Taper-minus] [21:59:37] S106-Taper-minus prefix 3763/9156 u=3763 ce=5.0975 gn=0.949 scale=256.0 41,484 tok/s (incl. eval)\n"}
,{"stream_name":"stdout","time":1362.716103543,"data":"[RMS] [21:59:53] S106-RMS prefix 4013/9156 u=4013 ce=4.8498 gn=0.893 scale=512.0 44,060 tok/s (incl. eval)\n"}
,{"stream_name":"stdout","time":1445.485026081,"data":"[Taper-minus] [22:01:16] S106-Taper-minus prefix 4013/9156 u=4013 ce=4.8347 gn=0.815 scale=512.0 41,479 tok/s (incl. eval)\n"}
,{"stream_name":"stdout","time":1455.833268431,"data":"[RMS] [22:01:26] S106-RMS prefix 4263/9156 u=4263 ce=4.7803 gn=0.923 scale=512.0 43,989 tok/s (incl. eval)\n"}
,{"stream_name":"stdout","time":1544.367996464,"data":"[Taper-minus] [22:02:55] S106-Taper-minus prefix 4263/9156 u=4263 ce=4.7736 gn=0.929 scale=512.0 41,424 tok/s (incl. eval)\n"}
,{"stream_name":"stdout","time":1548.929465234,"data":"[RMS] [22:02:59] S106-RMS prefix 4513/9156 u=4513 ce=4.7756 gn=0.927 scale=512.0 43,996 tok/s (incl. eval)\n"}
,{"stream_name":"stdout","time":1642.09449252,"data":"[RMS] [22:04:33] S106-RMS prefix 4763/9156 u=4763 ce=4.7267 gn=0.970 scale=512.0 43,970 tok/s (incl. eval)\n"}
,{"stream_name":"stdout","time":1643.313439647,"data":"[Taper-minus] [22:04:34] S106-Taper-minus prefix 4513/9156 u=4513 ce=4.7637 gn=0.909 scale=512.0 41,393 tok/s (incl. eval)\n"}
,{"stream_name":"stdout","time":1735.196657437,"data":"[RMS] [22:06:06] S106-RMS prefix 5013/9156 u=5013 ce=4.9167 gn=0.903 scale=512.0 43,994 tok/s (incl. eval)\n"}
,{"stream_name":"stdout","time":1742.245479564,"data":"[Taper-minus] [22:06:13] S106-Taper-minus prefix 4763/9156 u=4763 ce=4.7156 gn=1.003 scale=512.0 41,402 tok/s (incl. eval)\n"}
,{"stream_name":"stdout","time":1828.284836377,"data":"[RMS] [22:07:39] S106-RMS prefix 5263/9156 u=5263 ce=4.7899 gn=0.904 scale=512.0 44,001 tok/s (incl. eval)\n"}
,{"stream_name":"stdout","time":1841.162945831,"data":"[Taper-minus] [22:07:52] S106-Taper-minus prefix 5013/9156 u=5013 ce=4.9104 gn=0.975 scale=512.0 41,409 tok/s (incl. eval)\n"}
,{"stream_name":"stdout","time":1923.124031696,"data":"[RMS] [22:09:14] S106-RMS prefix 5513/9156 u=5513 ce=4.5408 gn=0.914 scale=512.0 43,189 tok/s (incl. eval)\n"}
,{"stream_name":"stdout","time":1941.978779637,"data":"[Taper-minus] [22:09:32] S106-Taper-minus prefix 5263/9156 u=5263 ce=4.7782 gn=0.923 scale=512.0 40,628 tok/s (incl. eval)\n"}
,{"stream_name":"stdout","time":2016.270887981,"data":"[RMS] [22:10:47] S106-RMS prefix 5763/9156 u=5763 ce=4.9306 gn=0.886 scale=512.0 43,974 tok/s (incl. eval)\n"}
,{"stream_name":"stdout","time":2040.648781481,"data":"[Taper-minus] [22:11:11] S106-Taper-minus prefix 5513/9156 u=5513 ce=4.5258 gn=0.979 scale=512.0 41,512 tok/s (incl. eval)\n"}
,{"stream_name":"stdout","time":2109.201878868,"data":"[RMS] [22:12:20] S106-RMS prefix 6013/9156 u=6013 ce=4.6370 gn=0.940 scale=1024.0 44,076 tok/s (incl. eval)\n"}
,{"stream_name":"stdout","time":2139.265945287,"data":"[Taper-minus] [22:12:50] S106-Taper-minus prefix 5763/9156 u=5763 ce=4.9317 gn=1.014 scale=512.0 41,538 tok/s (incl. eval)\n"}
,{"stream_name":"stdout","time":2181.171872296,"data":"[RMS] [22:13:32] S106-RMS prefix@6104: full-dev web CE 4.7215, python non-W CE 6.1957\n"}
,{"stream_name":"stdout","time":2238.014941419,"data":"[Taper-minus] [22:14:28] S106-Taper-minus prefix 6013/9156 u=6013 ce=4.6313 gn=1.064 scale=1024.0 41,479 tok/s (incl. eval)\n"}
,{"stream_name":"stdout","time":2240.377475917,"data":"[RMS] [22:14:31] S106-RMS prefix 6263/9156 u=6263 ce=4.5535 gn=0.961 scale=1024.0 31,223 tok/s (incl. eval)\n"}
,{"stream_name":"stdout","time":2311.550023932,"data":"[Taper-minus] [22:15:42] S106-Taper-minus prefix@6104: full-dev web CE 4.7119, python non-W CE 6.2656\n"}
,{"stream_name":"stdout","time":2332.924680182,"data":"[RMS] [22:16:03] S106-RMS prefix@6409: full-dev web CE 4.7040, python non-W CE 6.4162\n"}
,{"stream_name":"stdout","time":2368.69627967,"data":"[Taper-minus] [22:16:39] S106-Taper-minus prefix 6263/9156 u=6263 ce=4.5485 gn=1.042 scale=1024.0 31,343 tok/s (incl. eval)\n"}
,{"stream_name":"stdout","time":2371.713754292,"data":"[RMS] [22:16:42] S106-RMS prefix 6513/9156 u=6513 ce=4.8128 gn=0.923 scale=1024.0 31,187 tok/s (incl. eval)\n"}
,{"stream_name":"stdout","time":2458.664150284,"data":"[Taper-minus] [22:18:09] S106-Taper-minus prefix@6409: full-dev web CE 4.6944, python non-W CE 6.0804\n"}
,{"stream_name":"stdout","time":2484.692659133,"data":"[RMS] [22:18:35] S106-RMS prefix@6714: full-dev web CE 4.6871, python non-W CE 6.2834\n"}
,{"stream_name":"stdout","time":2496.0690092,"data":"[Taper-minus] [22:18:47] S106-Taper-minus prefix 6513/9156 u=6513 ce=4.8068 gn=0.967 scale=1024.0 32,158 tok/s (incl. eval)\n"}
,{"stream_name":"stdout","time":2502.964881909,"data":"[RMS] [22:18:53] S106-RMS prefix 6763/9156 u=6763 ce=4.6705 gn=0.880 scale=1024.0 31,207 tok/s (incl. eval)\n"}
,{"stream_name":"stdout","time":2596.321343854,"data":"[RMS] [22:20:27] S106-RMS prefix 7013/9156 u=7013 ce=4.5698 gn=0.871 scale=1024.0 43,879 tok/s (incl. eval)\n"}
,{"stream_name":"stdout","time":2605.905053444,"data":"[Taper-minus] [22:20:36] S106-Taper-minus prefix@6714: full-dev web CE 4.6765, python non-W CE 6.1608\n"}
,{"stream_name":"stdout","time":2623.499792674,"data":"[Taper-minus] [22:20:54] S106-Taper-minus prefix 6763/9156 u=6763 ce=4.6530 gn=0.931 scale=1024.0 32,141 tok/s (incl. eval)\n"}
,{"stream_name":"stdout","time":2636.662167817,"data":"[RMS] [22:21:07] S106-RMS prefix@7019: full-dev web CE 4.6707, python non-W CE 6.1294\n"}
,{"stream_name":"stdout","time":2713.304551235,"data":"[Taper-minus] [22:22:24] S106-Taper-minus prefix 7013/9156 u=7013 ce=4.5594 gn=0.965 scale=1024.0 45,615 tok/s (incl. eval)\n"}
,{"stream_name":"stdout","time":2727.530766869,"data":"[RMS] [22:22:38] S106-RMS prefix 7263/9156 u=7263 ce=4.6348 gn=0.947 scale=1024.0 31,215 tok/s (incl. eval)\n"}
,{"stream_name":"stdout","time":2752.96883596,"data":"[Taper-minus] [22:23:03] S106-Taper-minus prefix@7019: full-dev web CE 4.6613, python non-W CE 6.3771\n"}
,{"stream_name":"stdout","time":2788.356310095,"data":"[RMS] [22:23:39] S106-RMS prefix@7324: full-dev web CE 4.6618, python non-W CE 6.0786\n"}
,{"stream_name":"stdout","time":2842.628014557,"data":"[Taper-minus] [22:24:33] S106-Taper-minus prefix 7263/9156 u=7263 ce=4.6250 gn=1.014 scale=1024.0 31,673 tok/s (incl. eval)\n"}
,{"stream_name":"stdout","time":2860.70791761,"data":"[RMS] [22:24:51] S106-RMS prefix 7513/9156 u=7513 ce=4.5059 gn=0.918 scale=1024.0 30,756 tok/s (incl. eval)\n"}
,{"stream_name":"stdout","time":2902.062539081,"data":"[Taper-minus] [22:25:33] S106-Taper-minus prefix@7324: full-dev web CE 4.6454, python non-W CE 6.1286\n"}
,{"stream_name":"stdout","time":2942.096342045,"data":"[RMS] [22:26:13] S106-RMS prefix@7629: full-dev web CE 4.6473, python non-W CE 6.0818\n"}
,{"stream_name":"stdout","time":2969.897929002,"data":"[Taper-minus] [22:26:40] S106-Taper-minus prefix 7513/9156 u=7513 ce=4.4926 gn=1.030 scale=1024.0 32,181 tok/s (incl. eval)\n"}
,{"stream_name":"stdout","time":2991.988795849,"data":"[RMS] [22:27:02] S106-RMS prefix 7763/9156 u=7763 ce=4.6852 gn=0.921 scale=1024.0 31,202 tok/s (incl. eval)\n"}
,{"stream_name":"stdout","time":3049.076293503,"data":"[Taper-minus] [22:28:00] S106-Taper-minus prefix@7629: full-dev web CE 4.6335, python non-W CE 6.0150\n"}
,{"stream_name":"stdout","time":3093.626602833,"data":"[RMS] [22:28:44] S106-RMS prefix@7934: full-dev web CE 4.6309, python non-W CE 6.0756\n"}
,{"stream_name":"stdout","time":3097.194748597,"data":"[Taper-minus] [22:28:48] S106-Taper-minus prefix 7763/9156 u=7763 ce=4.6658 gn=0.977 scale=1024.0 32,177 tok/s (incl. eval)\n"}
,{"stream_name":"stdout","time":3123.035437485,"data":"[RMS] [22:29:14] S106-RMS prefix 8013/9156 u=8013 ce=4.7892 gn=1.050 scale=2048.0 31,254 tok/s (incl. eval)\n"}
,{"stream_name":"stdout","time":3196.171694778,"data":"[Taper-minus] [22:30:27] S106-Taper-minus prefix@7934: full-dev web CE 4.6155, python non-W CE 6.0238\n"}
,{"stream_name":"stdout","time":3224.517246525,"data":"[Taper-minus] [22:30:55] S106-Taper-minus prefix 8013/9156 u=8013 ce=4.7788 gn=1.052 scale=2048.0 32,170 tok/s (incl. eval)\n"}
,{"stream_name":"stdout","time":3245.302595027,"data":"[RMS] [22:31:16] S106-RMS prefix@8239: full-dev web CE 4.6150, python non-W CE 5.8906\n"}
,{"stream_name":"stdout","time":3254.238663393,"data":"[RMS] [22:31:25] S106-RMS prefix 8263/9156 u=8263 ce=4.6988 gn=0.907 scale=2048.0 31,219 tok/s (incl. eval)\n"}
,{"stream_name":"stdout","time":3343.419893239,"data":"[Taper-minus] [22:32:54] S106-Taper-minus prefix@8239: full-dev web CE 4.6025, python non-W CE 5.9169\n"}
,{"stream_name":"stdout","time":3347.594463392,"data":"[RMS] [22:32:58] S106-RMS prefix 8513/9156 u=8513 ce=4.7277 gn=0.948 scale=2048.0 43,875 tok/s (incl. eval)\n"}
,{"stream_name":"stdout","time":3352.084391048,"data":"[Taper-minus] [22:33:03] S106-Taper-minus prefix 8263/9156 u=8263 ce=4.6832 gn=0.967 scale=2048.0 32,109 tok/s (incl. eval)\n"}
,{"stream_name":"stdout","time":3397.370232251,"data":"[RMS] [22:33:48] S106-RMS prefix@8544: full-dev web CE 4.6058, python non-W CE 5.9281\n"}
,{"stream_name":"stdout","time":3442.148497957,"data":"[Taper-minus] [22:34:33] S106-Taper-minus prefix 8513/9156 u=8513 ce=4.7080 gn=1.044 scale=2048.0 45,484 tok/s (incl. eval)\n"}
,{"stream_name":"stdout","time":3479.066802653,"data":"[RMS] [22:35:10] S106-RMS prefix 8763/9156 u=8763 ce=4.5839 gn=0.961 scale=2048.0 31,157 tok/s (incl. eval)\n"}
,{"stream_name":"stdout","time":3490.830165046,"data":"[Taper-minus] [22:35:21] S106-Taper-minus prefix@8544: full-dev web CE 4.5904, python non-W CE 5.9250\n"}
,{"stream_name":"stdout","time":3549.36642856,"data":"[RMS] [22:36:20] S106-RMS prefix@8849: full-dev web CE 4.5976, python non-W CE 6.0883\n"}
,{"stream_name":"stdout","time":3569.68358818,"data":"[Taper-minus] [22:36:40] S106-Taper-minus prefix 8763/9156 u=8763 ce=4.5662 gn=0.988 scale=2048.0 32,114 tok/s (incl. eval)\n"}
,{"stream_name":"stdout","time":3610.604926891,"data":"[RMS] [22:37:21] S106-RMS prefix 9013/9156 u=9013 ce=4.8088 gn=1.041 scale=2048.0 31,139 tok/s (incl. eval)\n"}
,{"stream_name":"stdout","time":3638.051590857,"data":"[Taper-minus] [22:37:49] S106-Taper-minus prefix@8849: full-dev web CE 4.5798, python non-W CE 6.0199\n"}
,{"stream_name":"stdout","time":3698.968328597,"data":"[Taper-minus] [22:38:49] S106-Taper-minus prefix 9013/9156 u=9013 ce=4.8013 gn=1.082 scale=2048.0 31,685 tok/s (incl. eval)\n"}
,{"stream_name":"stdout","time":3711.866296376,"data":"[RMS] [22:39:02] S106-RMS prefix@9156: full-dev web CE 4.5846, python non-W CE 5.9825\n"}
,{"stream_name":"stdout","time":3716.485519417,"data":"[RMS] [22:39:07] S106-RMS: branch 'web' starts from switch d0ebb17507b7\n"}
,{"stream_name":"stdout","time":3764.359732969,"data":"[RMS] [22:39:55] S106-RMS web@0: full-dev web CE 4.5846, python non-W CE 5.9825\n"}
,{"stream_name":"stdout","time":3764.411067653,"data":"[RMS] [22:39:55] S106-RMS web@0 lineage: max |dCE| 0.0, max rel dE 0.0 -\u003e ok\n"}
,{"stream_name":"stdout","time":3797.369642166,"data":"[Taper-minus] [22:40:28] S106-Taper-minus prefix@9156: full-dev web CE 4.5710, python non-W CE 6.2414\n"}
,{"stream_name":"stdout","time":3801.911307883,"data":"[Taper-minus] [22:40:32] S106-Taper-minus: branch 'web' starts from switch 3af34c9580c1\n"}
,{"stream_name":"stdout","time":3807.217630744,"data":"[RMS] [22:40:38] S106-RMS web@1: full-dev web CE 4.5852, python non-W CE 5.9844\n"}
,{"stream_name":"stdout","time":3848.533227668,"data":"[Taper-minus] [22:41:19] S106-Taper-minus web@0: full-dev web CE 4.5710, python non-W CE 6.2414\n"}
,{"stream_name":"stdout","time":3848.580517064,"data":"[Taper-minus] [22:41:19] S106-Taper-minus web@0 lineage: max |dCE| 0.0, max rel dE 0.0 -\u003e ok\n"}
,{"stream_name":"stdout","time":3867.488178607,"data":"[RMS] [22:41:38] S106-RMS web@10: full-dev web CE 4.5834, python non-W CE 6.0365\n"}
,{"stream_name":"stdout","time":3891.06712657,"data":"[Taper-minus] [22:42:02] S106-Taper-minus web@1: full-dev web CE 4.5711, python non-W CE 6.2431\n"}
,{"stream_name":"stdout","time":3950.202551416,"data":"[Taper-minus] [22:43:01] S106-Taper-minus web@10: full-dev web CE 4.5701, python non-W CE 6.1315\n"}
,{"stream_name":"stdout","time":3958.131410615,"data":"[RMS] [22:43:09] S106-RMS web@100: full-dev web CE 4.5822, python non-W CE 6.0012\n"}
,{"stream_name":"stdout","time":3960.793741115,"data":"[RMS] [22:43:11] S106-RMS web 107/6104 u=9263 ce=4.4874 gn=0.928 scale=2048.0 11,696 tok/s (incl. eval)\n"}
,{"stream_name":"stdout","time":4038.523022166,"data":"[Taper-minus] [22:44:29] S106-Taper-minus web@100: full-dev web CE 4.5667, python non-W CE 6.1252\n"}
,{"stream_name":"stdout","time":4041.085226124,"data":"[Taper-minus] [22:44:32] S106-Taper-minus web 107/6104 u=9263 ce=4.4766 gn=1.047 scale=2048.0 11,972 tok/s (incl. eval)\n"}
,{"stream_name":"stdout","time":4092.356515628,"data":"[RMS] [22:45:23] S106-RMS web@305: full-dev web CE 4.5733, python non-W CE 5.9966\n"}
,{"stream_name":"stdout","time":4116.517401932,"data":"[RMS] [22:45:47] S106-RMS web 357/6104 u=9513 ce=4.6296 gn=1.012 scale=2048.0 26,303 tok/s (incl. eval)\n"}
,{"stream_name":"stdout","time":4169.052783688,"data":"[Taper-minus] [22:46:40] S106-Taper-minus web@305: full-dev web CE 4.5579, python non-W CE 6.0750\n"}
,{"stream_name":"stdout","time":4192.477223089,"data":"[Taper-minus] [22:47:03] S106-Taper-minus web 357/6104 u=9513 ce=4.6158 gn=1.057 scale=2048.0 27,056 tok/s (incl. eval)\n"}
,{"stream_name":"stdout","time":4234.107919134,"data":"[RMS] [22:47:45] S106-RMS web 607/6104 u=9763 ce=4.4397 gn=1.002 scale=2048.0 34,837 tok/s (incl. eval)\n"}
,{"stream_name":"stdout","time":4273.336299095,"data":"[RMS] [22:48:24] S106-RMS web@610: full-dev web CE 4.5630, python non-W CE 5.9033\n"}
,{"stream_name":"stdout","time":4305.98552699,"data":"[Taper-minus] [22:48:56] S106-Taper-minus web 607/6104 u=9763 ce=4.4251 gn=1.028 scale=2048.0 36,088 tok/s (incl. eval)\n"}
,{"stream_name":"stdout","time":4344.564102066,"data":"[Taper-minus] [22:49:35] S106-Taper-minus web@610: full-dev web CE 4.5477, python non-W CE 6.1275\n"}
,{"stream_name":"stdout","time":4389.813735236,"data":"[RMS] [22:50:20] S106-RMS web 857/6104 u=10013 ce=4.6067 gn=1.094 scale=4096.0 26,306 tok/s (incl. eval)\n"}
,{"stream_name":"stdout","time":4454.481756589,"data":"[RMS] [22:51:25] S106-RMS web@915: full-dev web CE 4.5545, python non-W CE 5.8992\n"}
,{"stream_name":"stdout","time":4457.361856155,"data":"[Taper-minus] [22:51:28] S106-Taper-minus web 857/6104 u=10013 ce=4.5865 gn=1.067 scale=4096.0 27,057 tok/s (incl. eval)\n"}
,{"stream_name":"stdout","time":4520.617019683,"data":"[Taper-minus] [22:52:31] S106-Taper-minus web@915: full-dev web CE 4.5402, python non-W CE 5.9451\n"}
,{"stream_name":"stdout","time":4540.77522105,"data":"[RMS] [22:52:51] S106-RMS web 1107/6104 u=10263 ce=4.4992 gn=0.978 scale=4096.0 27,131 tok/s (incl. eval)\n"}
,{"stream_name":"stdout","time":4604.268368708,"data":"[Taper-minus] [22:53:55] S106-Taper-minus web 1107/6104 u=10263 ce=4.4850 gn=1.038 scale=4096.0 27,884 tok/s (incl. eval)\n"}
,{"stream_name":"stdout","time":4626.110371388,"data":"[RMS] [22:54:17] S106-RMS web@1220: full-dev web CE 4.5456, python non-W CE 5.8637\n"}
,{"stream_name":"stdout","time":4684.206833671,"data":"[RMS] [22:55:15] S106-RMS web 1357/6104 u=10513 ce=4.5202 gn=0.977 scale=4096.0 28,560 tok/s (incl. eval)\n"}
,{"stream_name":"stdout","time":4687.423980205,"data":"[Taper-minus] [22:55:18] S106-Taper-minus web@1220: full-dev web CE 4.5310, python non-W CE 5.8414\n"}
,{"stream_name":"stdout","time":4743.591514587,"data":"[Taper-minus] [22:56:14] S106-Taper-minus web 1357/6104 u=10513 ce=4.4984 gn=1.031 scale=4096.0 29,399 tok/s (incl. eval)\n"}
,{"stream_name":"stdout","time":4804.410175339,"data":"[RMS] [22:57:15] S106-RMS web@1525: full-dev web CE 4.5360, python non-W CE 5.8990\n"}
,{"stream_name":"stdout","time":4839.993746438,"data":"[RMS] [22:57:50] S106-RMS web 1607/6104 u=10763 ce=4.5023 gn=1.004 scale=4096.0 26,293 tok/s (incl. eval)\n"}
,{"stream_name":"stdout","time":4860.578493588,"data":"[Taper-minus] [22:58:11] S106-Taper-minus web@1525: full-dev web CE 4.5219, python non-W CE 5.9198\n"}
,{"stream_name":"stdout","time":4894.979685299,"data":"[Taper-minus] [22:58:45] S106-Taper-minus web 1607/6104 u=10763 ce=4.4869 gn=1.031 scale=4096.0 27,056 tok/s (incl. eval)\n"}
,{"stream_name":"stdout","time":4971.32818938,"data":"[RMS] [23:00:02] S106-RMS web@1830: full-dev web CE 4.5275, python non-W CE 5.9186\n"}
,{"stream_name":"stdout","time":4981.448524422,"data":"[RMS] [23:00:12] S106-RMS web 1857/6104 u=11013 ce=4.5252 gn=1.059 scale=4096.0 28,954 tok/s (incl. eval)\n"}
,{"stream_name":"stdout","time":5022.666003149,"data":"[Taper-minus] [23:00:53] S106-Taper-minus web@1830: full-dev web CE 4.5120, python non-W CE 6.0393\n"}
,{"stream_name":"stdout","time":5032.426504444,"data":"[Taper-minus] [23:01:03] S106-Taper-minus web 1857/6104 u=11013 ce=4.5085 gn=1.072 scale=4096.0 29,798 tok/s (incl. eval)\n"}
,{"stream_name":"stdout","time":5089.319457484,"data":"[RMS] [23:02:00] S106-RMS web 2107/6104 u=11263 ce=4.4620 gn=1.007 scale=4096.0 37,976 tok/s (incl. eval)\n"}
,{"stream_name":"stdout","time":5136.967737049,"data":"[Taper-minus] [23:02:47] S106-Taper-minus web 2107/6104 u=11263 ce=4.4506 gn=1.054 scale=4096.0 39,185 tok/s (incl. eval)\n"}
,{"stream_name":"stdout","time":5137.970621277,"data":"[RMS] [23:02:48] S106-RMS web@2135: full-dev web CE 4.5216, python non-W CE 5.9612\n"}
,{"stream_name":"stdout","time":5184.601545396,"data":"[Taper-minus] [23:03:35] S106-Taper-minus web@2135: full-dev web CE 4.5065, python non-W CE 5.9345\n"}
,{"stream_name":"stdout","time":5230.884633128,"data":"[RMS] [23:04:21] S106-RMS web 2357/6104 u=11513 ce=4.4617 gn=1.082 scale=4096.0 28,934 tok/s (incl. eval)\n"}
,{"stream_name":"stdout","time":5274.33498003,"data":"[Taper-minus] [23:05:05] S106-Taper-minus web 2357/6104 u=11513 ce=4.4356 gn=1.103 scale=4096.0 29,818 tok/s (incl. eval)\n"}
,{"stream_name":"stdout","time":5304.919977772,"data":"[RMS] [23:05:35] S106-RMS web@2440: full-dev web CE 4.5154, python non-W CE 5.9612\n"}
,{"stream_name":"stdout","time":5346.478039644,"data":"[Taper-minus] [23:06:17] S106-Taper-minus web@2440: full-dev web CE 4.4995, python non-W CE 5.9541\n"}
,{"stream_name":"stdout","time":5377.068825364,"data":"[RMS] [23:06:48] S106-RMS web 2607/6104 u=11763 ce=4.5145 gn=1.060 scale=4096.0 28,019 tok/s (incl. eval)\n"}
,{"stream_name":"stdout","time":5416.272747787,"data":"[Taper-minus] [23:07:27] S106-Taper-minus web 2607/6104 u=11763 ce=4.4907 gn=1.111 scale=4096.0 28,858 tok/s (incl. eval)\n"}
,{"stream_name":"stdout","time":5471.800605247,"data":"[RMS] [23:08:22] S106-RMS web@2745: full-dev web CE 4.5079, python non-W CE 5.8730\n"}
,{"stream_name":"stdout","time":5508.390324685,"data":"[Taper-minus] [23:08:59] S106-Taper-minus web@2745: full-dev web CE 4.4925, python non-W CE 5.9458\n"}
,{"stream_name":"stdout","time":5518.607612183,"data":"[RMS] [23:09:09] S106-RMS web 2857/6104 u=12013 ce=4.4714 gn=1.058 scale=8192.0 28,936 tok/s (incl. eval)\n"}
,{"stream_name":"stdout","time":5553.648214242,"data":"[Taper-minus] [23:09:44] S106-Taper-minus web 2857/6104 u=12013 ce=4.4550 gn=1.053 scale=8192.0 29,816 tok/s (incl. eval)\n"}
,{"stream_name":"stdout","time":5645.469420091,"data":"[RMS] [23:11:16] S106-RMS web@3050: full-dev web CE 4.5002, python non-W CE 5.8074\n"}
,{"stream_name":"stdout","time":5671.628158988,"data":"[RMS] [23:11:42] S106-RMS web 3107/6104 u=12263 ce=4.4988 gn=1.700 scale=8192.0 26,768 tok/s (incl. eval)\n"}
,{"stream_name":"stdout","time":5676.972865809,"data":"[Taper-minus] [23:11:47] S106-Taper-minus web@3050: full-dev web CE 4.4863, python non-W CE 5.8340\n"}
,{"stream_name":"stdout","time":5702.362585613,"data":"[Taper-minus] [23:12:13] S106-Taper-minus web 3107/6104 u=12263 ce=4.4878 gn=1.748 scale=8192.0 27,540 tok/s (incl. eval)\n"}
,{"stream_name":"stdout","time":5812.372843185,"data":"[RMS] [23:14:03] S106-RMS web@3355: full-dev web CE 4.4953, python non-W CE 5.8276\n"}
,{"stream_name":"stdout","time":5813.105132002,"data":"[RMS] [23:14:04] S106-RMS web 3357/6104 u=12513 ce=4.5458 gn=1.125 scale=8192.0 28,952 tok/s (incl. eval)\n"}
,{"stream_name":"stdout","time":5839.016241611,"data":"[Taper-minus] [23:14:30] S106-Taper-minus web@3355: full-dev web CE 4.4799, python non-W CE 5.8435\n"}
,{"stream_name":"stdout","time":5839.741000358,"data":"[Taper-minus] [23:14:30] S106-Taper-minus web 3357/6104 u=12513 ce=4.5337 gn=1.172 scale=8192.0 29,815 tok/s (incl. eval)\n"}
,{"stream_name":"stdout","time":5921.10102707,"data":"[RMS] [23:15:52] S106-RMS web 3607/6104 u=12763 ce=4.4127 gn=1.130 scale=8192.0 37,933 tok/s (incl. eval)\n"}
,{"stream_name":"stdout","time":5944.267944089,"data":"[Taper-minus] [23:16:15] S106-Taper-minus web 3607/6104 u=12763 ce=4.3948 gn=1.191 scale=8192.0 39,186 tok/s (incl. eval)\n"}
,{"stream_name":"stdout","time":5979.012424234,"data":"[RMS] [23:16:49] S106-RMS web@3660: full-dev web CE 4.4884, python non-W CE 5.8058\n"}
,{"stream_name":"stdout","time":6000.877755322,"data":"[Taper-minus] [23:17:11] S106-Taper-minus web@3660: full-dev web CE 4.4743, python non-W CE 5.8485\n"}
,{"stream_name":"stdout","time":6062.358265884,"data":"[RMS] [23:18:13] S106-RMS web 3857/6104 u=13013 ce=4.4060 gn=1.107 scale=8192.0 28,997 tok/s (incl. eval)\n"}
,{"stream_name":"stdout","time":6081.46036634,"data":"[Taper-minus] [23:18:32] S106-Taper-minus web 3857/6104 u=13013 ce=4.3858 gn=1.132 scale=8192.0 29,856 tok/s (incl. eval)\n"}
,{"stream_name":"stdout","time":6145.635096756,"data":"[RMS] [23:19:36] S106-RMS web@3965: full-dev web CE 4.4840, python non-W CE 5.8730\n"}
,{"stream_name":"stdout","time":6162.571464378,"data":"[Taper-minus] [23:19:53] S106-Taper-minus web@3965: full-dev web CE 4.4691, python non-W CE 5.9636\n"}
,{"stream_name":"stdout","time":6208.463929714,"data":"[RMS] [23:20:39] S106-RMS web 4107/6104 u=13263 ce=4.4466 gn=1.053 scale=8192.0 28,034 tok/s (incl. eval)\n"}
,{"stream_name":"stdout","time":6223.204981193,"data":"[Taper-minus] [23:20:54] S106-Taper-minus web 4107/6104 u=13263 ce=4.4254 gn=1.062 scale=8192.0 28,897 tok/s (incl. eval)\n"}
,{"stream_name":"stdout","time":6312.368503009,"data":"[RMS] [23:22:23] S106-RMS web@4270: full-dev web CE 4.4778, python non-W CE 5.8423\n"}
,{"stream_name":"stdout","time":6324.090427482,"data":"[Taper-minus] [23:22:35] S106-Taper-minus web@4270: full-dev web CE 4.4652, python non-W CE 5.8650\n"}
,{"stream_name":"stdout","time":6349.71013276,"data":"[RMS] [23:23:00] S106-RMS web 4357/6104 u=13513 ce=4.3677 gn=1.062 scale=8192.0 28,999 tok/s (incl. eval)\n"}
,{"stream_name":"stdout","time":6360.13547549,"data":"[Taper-minus] [23:23:11] S106-Taper-minus web 4357/6104 u=13513 ce=4.3535 gn=1.095 scale=8192.0 29,913 tok/s (incl. eval)\n"}
,{"stream_name":"stdout","time":6480.954318525,"data":"[RMS] [23:25:11] S106-RMS web@4575: full-dev web CE 4.4742, python non-W CE 5.9118\n"}
,{"stream_name":"stdout","time":6485.718374423,"data":"[Taper-minus] [23:25:16] S106-Taper-minus web@4575: full-dev web CE 4.4605, python non-W CE 5.9010\n"}
,{"stream_name":"stdout","time":6497.67532833,"data":"[RMS] [23:25:28] S106-RMS web 4607/6104 u=13763 ce=4.2725 gn=1.064 scale=8192.0 27,680 tok/s (incl. eval)\n"}
,{"stream_name":"stdout","time":6501.938877458,"data":"[Taper-minus] [23:25:32] S106-Taper-minus web 4607/6104 u=13763 ce=4.2642 gn=1.060 scale=8192.0 28,885 tok/s (incl. eval)\n"}
,{"stream_name":"stdout","time":6600.804332092,"data":"[RMS] [23:27:11] S106-RMS web 4857/6104 u=14013 ce=4.5308 gn=1.107 scale=16384.0 39,723 tok/s (incl. eval)\n"}
,{"stream_name":"stdout","time":6603.29774692,"data":"[Taper-minus] [23:27:14] S106-Taper-minus web 4857/6104 u=14013 ce=4.5188 gn=1.069 scale=16384.0 40,411 tok/s (incl. eval)\n"}
,{"stream_name":"stdout","time":6647.501512365,"data":"[RMS] [23:27:58] S106-RMS web@4880: full-dev web CE 4.4707, python non-W CE 5.8116\n"}
,{"stream_name":"stdout","time":6649.106158662,"data":"[Taper-minus] [23:28:00] S106-Taper-minus web@4880: full-dev web CE 4.4575, python non-W CE 5.9436\n"}
,{"stream_name":"stdout","time":6745.244437755,"data":"[Taper-minus] [23:29:36] S106-Taper-minus web 5107/6104 u=14263 ce=4.3334 gn=1.105 scale=16384.0 28,859 tok/s (incl. eval)\n"}
,{"stream_name":"stdout","time":6746.929225311,"data":"[RMS] [23:29:37] S106-RMS web 5107/6104 u=14263 ce=4.3397 gn=1.091 scale=16384.0 28,028 tok/s (incl. eval)\n"}
,{"stream_name":"stdout","time":6810.940965535,"data":"[Taper-minus] [23:30:41] S106-Taper-minus web@5185: full-dev web CE 4.4539, python non-W CE 5.8111\n"}
,{"stream_name":"stdout","time":6814.283825073,"data":"[RMS] [23:30:45] S106-RMS web@5185: full-dev web CE 4.4673, python non-W CE 5.7593\n"}
,{"stream_name":"stdout","time":6882.440716334,"data":"[Taper-minus] [23:31:53] S106-Taper-minus web 5357/6104 u=14513 ce=4.4309 gn=1.126 scale=16384.0 29,855 tok/s (incl. eval)\n"}
,{"stream_name":"stdout","time":6888.429672938,"data":"[RMS] [23:31:59] S106-RMS web 5357/6104 u=14513 ce=4.4439 gn=1.150 scale=16384.0 28,947 tok/s (incl. eval)\n"}
,{"stream_name":"stdout","time":6972.608801547,"data":"[Taper-minus] [23:33:23] S106-Taper-minus web@5490: full-dev web CE 4.4509, python non-W CE 5.8596\n"}
,{"stream_name":"stdout","time":6981.06848507,"data":"[RMS] [23:33:32] S106-RMS web@5490: full-dev web CE 4.4639, python non-W CE 5.7938\n"}
,{"stream_name":"stdout","time":7024.217059536,"data":"[Taper-minus] [23:34:15] S106-Taper-minus web 5607/6104 u=14763 ce=4.5035 gn=1.139 scale=16384.0 28,891 tok/s (incl. eval)\n"}
,{"stream_name":"stdout","time":7034.414114937,"data":"[RMS] [23:34:25] S106-RMS web 5607/6104 u=14763 ce=4.5206 gn=1.119 scale=16384.0 28,058 tok/s (incl. eval)\n"}
,{"stream_name":"stdout","time":7134.202219626,"data":"[Taper-minus] [23:36:05] S106-Taper-minus web@5795: full-dev web CE 4.4483, python non-W CE 5.7396\n"}
,{"stream_name":"stdout","time":7147.588513491,"data":"[RMS] [23:36:18] S106-RMS web@5795: full-dev web CE 4.4617, python non-W CE 5.7176\n"}
,{"stream_name":"stdout","time":7161.289414248,"data":"[Taper-minus] [23:36:32] S106-Taper-minus web 5857/6104 u=15013 ce=4.4747 gn=1.107 scale=16384.0 29,879 tok/s (incl. eval)\n"}
,{"stream_name":"stdout","time":7175.637452086,"data":"[RMS] [23:36:46] S106-RMS web 5857/6104 u=15013 ce=4.4915 gn=1.105 scale=16384.0 29,007 tok/s (incl. eval)\n"}
,{"stream_name":"stdout","time":7300.620327178,"data":"[Taper-minus] [23:38:51] S106-Taper-minus web@6100: full-dev web CE 4.4478, python non-W CE 5.8481\n"}
,{"stream_name":"stdout","time":7319.061011245,"data":"[RMS] [23:39:10] S106-RMS web@6100: full-dev web CE 4.4614, python non-W CE 5.8040\n"}
,{"stream_name":"stdout","time":7348.390522494,"data":"[Taper-minus] [23:39:39] S106-Taper-minus web@6104: full-dev web CE 4.4471, python non-W CE 5.8486\n"}
,{"stream_name":"stdout","time":7351.173427215,"data":"[Taper-minus] [23:39:42] S106-Taper-minus: branch 'python' starts from switch 3af34c9580c1\n"}
,{"stream_name":"stdout","time":7367.707602017,"data":"[RMS] [23:39:58] S106-RMS web@6104: full-dev web CE 4.4602, python non-W CE 5.8054\n"}
,{"stream_name":"stdout","time":7370.492916575,"data":"[RMS] [23:40:01] S106-RMS: branch 'python' starts from switch d0ebb17507b7\n"}
,{"stream_name":"stdout","time":7398.085178188,"data":"[Taper-minus] [23:40:29] S106-Taper-minus python@0: full-dev web CE 4.5710, python non-W CE 6.2414\n"}
,{"stream_name":"stdout","time":7398.220485279,"data":"[Taper-minus] [23:40:29] S106-Taper-minus python@0 lineage: max |dCE| 0.0, max rel dE 0.0 -\u003e ok\n"}
,{"stream_name":"stdout","time":7417.899310182,"data":"[RMS] [23:40:48] S106-RMS python@0: full-dev web CE 4.5846, python non-W CE 5.9825\n"}
,{"stream_name":"stdout","time":7418.05013763,"data":"[RMS] [23:40:49] S106-RMS python@0 lineage: max |dCE| 0.0, max rel dE 0.0 -\u003e ok\n"}
,{"stream_name":"stdout","time":7440.722977333,"data":"[Taper-minus] [23:41:11] S106-Taper-minus python@1: full-dev web CE 4.5756, python non-W CE 6.0679\n"}
,{"stream_name":"stdout","time":7446.109947289,"data":"[Taper-minus] [23:41:17] S106-Taper-minus python 3/6104 u=9159 ce=3.6853 gn=3.869 scale=2048.0 14,381 tok/s (incl. eval)\n"}
,{"stream_name":"stdout","time":7461.346586413,"data":"[RMS] [23:41:32] S106-RMS python@1: full-dev web CE 4.5911, python non-W CE 5.8615\n"}
,{"stream_name":"stdout","time":7466.859080473,"data":"[RMS] [23:41:37] S106-RMS python 3/6104 u=9159 ce=3.5830 gn=2.804 scale=2048.0 14,064 tok/s (incl. eval)\n"}
,{"stream_name":"stdout","time":7500.002081217,"data":"[Taper-minus] [23:42:10] S106-Taper-minus python@10: full-dev web CE 4.6985, python non-W CE 5.3970\n"}
,{"stream_name":"stdout","time":7521.440896367,"data":"[RMS] [23:42:32] S106-RMS python@10: full-dev web CE 4.7262, python non-W CE 5.4377\n"}
,{"stream_name":"stdout","time":7588.003905578,"data":"[Taper-minus] [23:43:38] S106-Taper-minus python@100: full-dev web CE 4.8634, python non-W CE 3.8213\n"}
,{"stream_name":"stdout","time":7611.664490242,"data":"[RMS] [23:44:02] S106-RMS python@100: full-dev web CE 4.8836, python non-W CE 3.8472\n"}
,{"stream_name":"stdout","time":7657.052678595,"data":"[Taper-minus] [23:44:48] S106-Taper-minus python 253/6104 u=9409 ce=2.1366 gn=1.454 scale=2048.0 19,419 tok/s (incl. eval)\n"}
,{"stream_name":"stdout","time":7683.048523811,"data":"[RMS] [23:45:14] S106-RMS python 253/6104 u=9409 ce=2.1368 gn=1.490 scale=2048.0 18,946 tok/s (incl. eval)\n"}
,{"stream_name":"stdout","time":7717.781861728,"data":"[Taper-minus] [23:45:48] S106-Taper-minus python@305: full-dev web CE 5.1131, python non-W CE 3.3195\n"}
,{"stream_name":"stdout","time":7745.217971168,"data":"[RMS] [23:46:16] S106-RMS python@305: full-dev web CE 5.1512, python non-W CE 3.3186\n"}
,{"stream_name":"stdout","time":7807.755535803,"data":"[Taper-minus] [23:47:18] S106-Taper-minus python 503/6104 u=9659 ce=1.9988 gn=1.136 scale=2048.0 27,180 tok/s (incl. eval)\n"}
,{"stream_name":"stdout","time":7838.1732783,"data":"[RMS] [23:47:49] S106-RMS python 503/6104 u=9659 ce=2.0106 gn=1.320 scale=2048.0 26,407 tok/s (incl. eval)\n"}
,{"stream_name":"stdout","time":7892.980420588,"data":"[Taper-minus] [23:48:43] S106-Taper-minus python@610: full-dev web CE 5.5204, python non-W CE 3.0650\n"}
,{"stream_name":"stdout","time":7925.483223732,"data":"[RMS] [23:49:16] S106-RMS python@610: full-dev web CE 5.5592, python non-W CE 3.0832\n"}
,{"stream_name":"stdout","time":7958.311959708,"data":"[Taper-minus] [23:49:49] S106-Taper-minus python 753/6104 u=9909 ce=2.1693 gn=1.206 scale=2048.0 27,206 tok/s (incl. eval)\n"}
,{"stream_name":"stdout","time":7992.841128229,"data":"[RMS] [23:50:23] S106-RMS python 753/6104 u=9909 ce=2.1750 gn=1.895 scale=2048.0 26,482 tok/s (incl. eval)\n"}
,{"stream_name":"stdout","time":8067.881974983,"data":"[Taper-minus] [23:51:38] S106-Taper-minus python@915: full-dev web CE 5.7544, python non-W CE 2.9597\n"}
,{"stream_name":"stdout","time":8105.235102066,"data":"[RMS] [23:52:16] S106-RMS python@915: full-dev web CE 5.7914, python non-W CE 2.9637\n"}
,{"stream_name":"stdout","time":8108.724774735,"data":"[Taper-minus] [23:52:19] S106-Taper-minus python 1003/6104 u=10159 ce=1.8616 gn=1.374 scale=4096.0 27,228 tok/s (incl. eval)\n"}
,{"stream_name":"stdout","time":8147.411999467,"data":"[RMS] [23:52:58] S106-RMS python 1003/6104 u=10159 ce=1.8784 gn=1.102 scale=4096.0 26,500 tok/s (incl. eval)\n"}
,{"stream_name":"stdout","time":8233.383855991,"data":"[Taper-minus] [23:54:24] S106-Taper-minus python@1220: full-dev web CE 5.9023, python non-W CE 2.8913\n"}
,{"stream_name":"stdout","time":8245.207454728,"data":"[Taper-minus] [23:54:36] S106-Taper-minus python 1253/6104 u=10409 ce=1.6922 gn=1.143 scale=4096.0 30,011 tok/s (incl. eval)\n"}
,{"stream_name":"stdout","time":8275.622130502,"data":"[RMS] [23:55:06] S106-RMS python@1220: full-dev web CE 5.9325, python non-W CE 2.8989\n"}
,{"stream_name":"stdout","time":8289.67472444,"data":"[RMS] [23:55:20] S106-RMS python 1253/6104 u=10409 ce=1.7077 gn=1.434 scale=4096.0 28,788 tok/s (incl. eval)\n"}
,{"stream_name":"stdout","time":8350.727608419,"data":"[Taper-minus] [23:56:21] S106-Taper-minus python 1503/6104 u=10659 ce=1.7321 gn=1.378 scale=4096.0 38,824 tok/s (incl. eval)\n"}
,{"stream_name":"stdout","time":8397.198407469,"data":"[RMS] [23:57:08] S106-RMS python 1503/6104 u=10659 ce=1.7390 gn=1.091 scale=4096.0 38,100 tok/s (incl. eval)\n"}
,{"stream_name":"stdout","time":8404.991737991,"data":"[Taper-minus] [23:57:15] S106-Taper-minus python@1525: full-dev web CE 5.9816, python non-W CE 2.8368\n"}
,{"stream_name":"stdout","time":8453.01940215,"data":"[RMS] [23:58:03] S106-RMS python@1525: full-dev web CE 6.0064, python non-W CE 2.8438\n"}
,{"stream_name":"stdout","time":8496.374422544,"data":"[Taper-minus] [23:58:47] S106-Taper-minus python 1753/6104 u=10909 ce=1.8809 gn=1.367 scale=4096.0 28,123 tok/s (incl. eval)\n"}
,{"stream_name":"stdout","time":8547.678600838,"data":"[RMS] [23:59:38] S106-RMS python 1753/6104 u=10909 ce=1.8923 gn=0.996 scale=4096.0 27,220 tok/s (incl. eval)\n"}
,{"stream_name":"stdout","time":8566.069032672,"data":"[Taper-minus] [23:59:57] S106-Taper-minus python@1830: full-dev web CE 6.0550, python non-W CE 2.8033\n"}
,{"stream_name":"stdout","time":8619.24827781,"data":"[RMS] [00:00:50] S106-RMS python@1830: full-dev web CE 6.0727, python non-W CE 2.8101\n"}
,{"stream_name":"stdout","time":8637.596848301,"data":"[Taper-minus] [00:01:08] S106-Taper-minus python 2003/6104 u=11159 ce=1.8756 gn=1.419 scale=4096.0 29,000 tok/s (incl. eval)\n"}
,{"stream_name":"stdout","time":8693.330043226,"data":"[RMS] [00:02:04] S106-RMS python 2003/6104 u=11159 ce=1.8987 gn=1.526 scale=4096.0 28,122 tok/s (incl. eval)\n"}
,{"stream_name":"stdout","time":8727.130139792,"data":"[Taper-minus] [00:02:38] S106-Taper-minus python@2135: full-dev web CE 6.1120, python non-W CE 2.7589\n"}
,{"stream_name":"stdout","time":8774.107315249,"data":"[Taper-minus] [00:03:25] S106-Taper-minus python 2253/6104 u=11409 ce=1.7103 gn=1.074 scale=4096.0 30,009 tok/s (incl. eval)\n"}
,{"stream_name":"stdout","time":8785.167452722,"data":"[RMS] [00:03:36] S106-RMS python@2135: full-dev web CE 6.1219, python non-W CE 2.7647\n"}
,{"stream_name":"stdout","time":8833.749484774,"data":"[RMS] [00:04:24] S106-RMS python 2253/6104 u=11409 ce=1.7196 gn=1.627 scale=4096.0 29,170 tok/s (incl. eval)\n"}
,{"stream_name":"stdout","time":8887.988544535,"data":"[Taper-minus] [00:05:18] S106-Taper-minus python@2440: full-dev web CE 6.1442, python non-W CE 2.7408\n"}
,{"stream_name":"stdout","time":8915.266528979,"data":"[Taper-minus] [00:05:46] S106-Taper-minus python 2503/6104 u=11659 ce=1.6207 gn=1.203 scale=4096.0 29,013 tok/s (incl. eval)\n"}
,{"stream_name":"stdout","time":8950.890940267,"data":"[RMS] [00:06:21] S106-RMS python@2440: full-dev web CE 6.1506, python non-W CE 2.7500\n"}
,{"stream_name":"stdout","time":8979.193173173,"data":"[RMS] [00:06:50] S106-RMS python 2503/6104 u=11659 ce=1.6332 gn=1.344 scale=4096.0 28,159 tok/s (incl. eval)\n"}
,{"stream_name":"stdout","time":9049.082743846,"data":"[Taper-minus] [00:08:00] S106-Taper-minus python@2745: full-dev web CE 6.1530, python non-W CE 2.7199\n"}
,{"stream_name":"stdout","time":9051.940708541,"data":"[Taper-minus] [00:08:02] S106-Taper-minus python 2753/6104 u=11909 ce=1.8015 gn=1.119 scale=4096.0 29,969 tok/s (incl. eval)\n"}
,{"stream_name":"stdout","time":9116.939308918,"data":"[RMS] [00:09:07] S106-RMS python@2745: full-dev web CE 6.1527, python non-W CE 2.7282\n"}
,{"stream_name":"stdout","time":9119.905466643,"data":"[RMS] [00:09:10] S106-RMS python 2753/6104 u=11909 ce=1.8173 gn=1.135 scale=4096.0 29,109 tok/s (incl. eval)\n"}
,{"stream_name":"stdout","time":9157.65722748,"data":"[Taper-minus] [00:09:48] S106-Taper-minus python 3003/6104 u=12159 ce=1.6356 gn=1.115 scale=8192.0 38,752 tok/s (incl. eval)\n"}
,{"stream_name":"stdout","time":9216.602149616,"data":"[Taper-minus] [00:10:47] S106-Taper-minus python@3050: full-dev web CE 6.1393, python non-W CE 2.6978\n"}
,{"stream_name":"stdout","time":9229.008789328,"data":"[RMS] [00:10:59] S106-RMS python 3003/6104 u=12159 ce=1.6479 gn=1.529 scale=8192.0 37,542 tok/s (incl. eval)\n"}
,{"stream_name":"stdout","time":9289.415005692,"data":"[RMS] [00:12:00] S106-RMS python@3050: full-dev web CE 6.1827, python non-W CE 2.7043\n"}
,{"stream_name":"stdout","time":9298.744809586,"data":"[Taper-minus] [00:12:09] S106-Taper-minus python 3253/6104 u=12409 ce=1.4575 gn=1.125 scale=8192.0 29,028 tok/s (incl. eval)\n"}
,{"stream_name":"stdout","time":9374.419811844,"data":"[RMS] [00:13:25] S106-RMS python 3253/6104 u=12409 ce=1.4675 gn=1.162 scale=8192.0 28,172 tok/s (incl. eval)\n"}
,{"stream_name":"stdout","time":9377.410635265,"data":"[Taper-minus] [00:13:28] S106-Taper-minus python@3355: full-dev web CE 6.1917, python non-W CE 2.6786\n"}
,{"stream_name":"stdout","time":9439.766588198,"data":"[Taper-minus] [00:14:30] S106-Taper-minus python 3503/6104 u=12659 ce=1.8481 gn=1.978 scale=8192.0 29,049 tok/s (incl. eval)\n"}
,{"stream_name":"stdout","time":9455.182149805,"data":"[RMS] [00:14:46] S106-RMS python@3355: full-dev web CE 6.1928, python non-W CE 2.6870\n"}
,{"stream_name":"stdout","time":9520.088564463,"data":"[RMS] [00:15:51] S106-RMS python 3503/6104 u=12659 ce=1.8477 gn=1.170 scale=8192.0 28,119 tok/s (incl. eval)\n"}
,{"stream_name":"stdout","time":9538.375402381,"data":"[Taper-minus] [00:16:09] S106-Taper-minus python@3660: full-dev web CE 6.1891, python non-W CE 2.6657\n"}
,{"stream_name":"stdout","time":9576.421829104,"data":"[Taper-minus] [00:16:47] S106-Taper-minus python 3753/6104 u=12909 ce=1.6008 gn=1.298 scale=8192.0 29,973 tok/s (incl. eval)\n"}
,{"stream_name":"stdout","time":9621.50925574,"data":"[RMS] [00:17:32] S106-RMS python@3660: full-dev web CE 6.1898, python non-W CE 2.6723\n"}
,{"stream_name":"stdout","time":9660.908581193,"data":"[RMS] [00:18:11] S106-RMS python 3753/6104 u=12909 ce=1.6031 gn=0.968 scale=8192.0 29,086 tok/s (incl. eval)\n"}
,{"stream_name":"stdout","time":9699.33505773,"data":"[Taper-minus] [00:18:50] S106-Taper-minus python@3965: full-dev web CE 6.1882, python non-W CE 2.6561\n"}
,{"stream_name":"stdout","time":9717.621579266,"data":"[Taper-minus] [00:19:08] S106-Taper-minus python 4003/6104 u=13159 ce=1.5111 gn=1.289 scale=8192.0 29,005 tok/s (incl. eval)\n"}
,{"stream_name":"stdout","time":9787.381153024,"data":"[RMS] [00:20:18] S106-RMS python@3965: full-dev web CE 6.2067, python non-W CE 2.6605\n"}
,{"stream_name":"stdout","time":9806.248773638,"data":"[RMS] [00:20:37] S106-RMS python 4003/6104 u=13159 ce=1.5187 gn=1.544 scale=8192.0 28,179 tok/s (incl. eval)\n"}
,{"stream_name":"stdout","time":9816.719574812,"data":"[Taper-minus] [00:20:47] S106-Taper-minus python 4253/6104 u=13409 ce=1.6465 gn=1.177 scale=8192.0 41,333 tok/s (incl. eval)\n"}
,{"stream_name":"stdout","time":9860.322970473,"data":"[Taper-minus] [00:21:31] S106-Taper-minus python@4270: full-dev web CE 6.1920, python non-W CE 2.6339\n"}
,{"stream_name":"stdout","time":9908.881848586,"data":"[RMS] [00:22:19] S106-RMS python 4253/6104 u=13409 ce=1.6527 gn=1.171 scale=8192.0 39,916 tok/s (incl. eval)\n"}
,{"stream_name":"stdout","time":9953.233058931,"data":"[RMS] [00:23:04] S106-RMS python@4270: full-dev web CE 6.1946, python non-W CE 2.6410\n"}
,{"stream_name":"stdout","time":9957.77056343,"data":"[Taper-minus] [00:23:08] S106-Taper-minus python 4503/6104 u=13659 ce=1.8469 gn=1.189 scale=8192.0 29,039 tok/s (incl. eval)\n"}
,{"stream_name":"stdout","time":10021.070169009,"data":"[Taper-minus] [00:24:12] S106-Taper-minus python@4575: full-dev web CE 6.2087, python non-W CE 2.6249\n"}
,{"stream_name":"stdout","time":10054.191505882,"data":"[RMS] [00:24:45] S106-RMS python 4503/6104 u=13659 ce=1.8639 gn=1.146 scale=8192.0 28,188 tok/s (incl. eval)\n"}
,{"stream_name":"stdout","time":10096.055262687,"data":"[Taper-minus] [00:25:27] S106-Taper-minus python 4753/6104 u=13909 ce=1.5862 gn=1.093 scale=8192.0 29,624 tok/s (incl. eval)\n"}
,{"stream_name":"stdout","time":10120.905867101,"data":"[RMS] [00:25:51] S106-RMS python@4575: full-dev web CE 6.2110, python non-W CE 2.6348\n"}
,{"stream_name":"stdout","time":10183.653878456,"data":"[Taper-minus] [00:26:54] S106-Taper-minus python@4880: full-dev web CE 6.1962, python non-W CE 2.6181\n"}
,{"stream_name":"stdout","time":10196.498663072,"data":"[RMS] [00:27:07] S106-RMS python 4753/6104 u=13909 ce=1.5929 gn=1.138 scale=8192.0 28,779 tok/s (incl. eval)\n"}
,{"stream_name":"stdout","time":10237.13084421,"data":"[Taper-minus] [00:27:48] S106-Taper-minus python 5003/6104 u=14159 ce=1.9389 gn=1.194 scale=16384.0 29,034 tok/s (incl. eval)\n"}
,{"stream_name":"stdout","time":10286.650643241,"data":"[RMS] [00:28:37] S106-RMS python@4880: full-dev web CE 6.2093, python non-W CE 2.6246\n"}
,{"stream_name":"stdout","time":10341.821996732,"data":"[RMS] [00:29:32] S106-RMS python 5003/6104 u=14159 ce=1.9455 gn=1.122 scale=16384.0 28,189 tok/s (incl. eval)\n"}
,{"stream_name":"stdout","time":10344.401647674,"data":"[Taper-minus] [00:29:35] S106-Taper-minus python@5185: full-dev web CE 6.2114, python non-W CE 2.6128\n"}
,{"stream_name":"stdout","time":10373.438915492,"data":"[Taper-minus] [00:30:04] S106-Taper-minus python 5253/6104 u=14409 ce=1.4884 gn=1.042 scale=16384.0 30,050 tok/s (incl. eval)\n"}
,{"stream_name":"stdout","time":10452.258537244,"data":"[RMS] [00:31:23] S106-RMS python@5185: full-dev web CE 6.2241, python non-W CE 2.6188\n"}
,{"stream_name":"stdout","time":10482.331567435,"data":"[RMS] [00:31:53] S106-RMS python 5253/6104 u=14409 ce=1.5028 gn=1.407 scale=16384.0 29,151 tok/s (incl. eval)\n"}
,{"stream_name":"stdout","time":10505.046587107,"data":"[Taper-minus] [00:32:16] S106-Taper-minus python@5490: full-dev web CE 6.2275, python non-W CE 2.6012\n"}
,{"stream_name":"stdout","time":10514.401546925,"data":"[Taper-minus] [00:32:25] S106-Taper-minus python 5503/6104 u=14659 ce=1.3421 gn=1.019 scale=16384.0 29,057 tok/s (incl. eval)\n"}
,{"stream_name":"stdout","time":10613.282509031,"data":"[Taper-minus] [00:34:04] S106-Taper-minus python 5753/6104 u=14909 ce=1.6171 gn=1.321 scale=16384.0 41,424 tok/s (incl. eval)\n"}
,{"stream_name":"stdout","time":10617.933327792,"data":"[RMS] [00:34:08] S106-RMS python@5490: full-dev web CE 6.2315, python non-W CE 2.6117\n"}
,{"stream_name":"stdout","time":10627.501845707,"data":"[RMS] [00:34:18] S106-RMS python 5503/6104 u=14659 ce=1.3528 gn=1.099 scale=16384.0 28,211 tok/s (incl. eval)\n"}
,{"stream_name":"stdout","time":10665.688732392,"data":"[Taper-minus] [00:34:56] S106-Taper-minus python@5795: full-dev web CE 6.2209, python non-W CE 2.5987\n"}
,{"stream_name":"stdout","time":10729.815596624,"data":"[RMS] [00:36:00] S106-RMS python 5753/6104 u=14909 ce=1.6270 gn=1.145 scale=16384.0 40,042 tok/s (incl. eval)\n"}
,{"stream_name":"stdout","time":10754.167850888,"data":"[Taper-minus] [00:36:25] S106-Taper-minus python 6003/6104 u=15159 ce=1.7096 gn=1.146 scale=16384.0 29,069 tok/s (incl. eval)\n"}
,{"stream_name":"stdout","time":10783.495685244,"data":"[RMS] [00:36:54] S106-RMS python@5795: full-dev web CE 6.2302, python non-W CE 2.6095\n"}
,{"stream_name":"stdout","time":10830.995186537,"data":"[Taper-minus] [00:37:41] S106-Taper-minus python@6100: full-dev web CE 6.2327, python non-W CE 2.5967\n"}
,{"stream_name":"stdout","time":10875.206869772,"data":"[RMS] [00:38:26] S106-RMS python 6003/6104 u=15159 ce=1.7200 gn=1.212 scale=16384.0 28,172 tok/s (incl. eval)\n"}
,{"stream_name":"stdout","time":10878.533593013,"data":"[Taper-minus] [00:38:29] S106-Taper-minus python@6104: full-dev web CE 6.2335, python non-W CE 2.5971\n"}
,{"stream_name":"stdout","time":10881.298711892,"data":"[Taper-minus] [00:38:32] S106-Taper-minus: branch 'x' starts from switch 3af34c9580c1\n"}
,{"stream_name":"stdout","time":10927.680266995,"data":"[Taper-minus] [00:39:18] S106-Taper-minus x@0: full-dev web CE 4.5710, x non-W CE 4.2973\n"}
,{"stream_name":"stdout","time":10927.887300941,"data":"[Taper-minus] [00:39:18] S106-Taper-minus x@0 lineage: max |dCE| 0.0, max rel dE 0.0 -\u003e ok\n"}
,{"stream_name":"stdout","time":10954.09605124,"data":"[RMS] [00:39:45] S106-RMS python@6100: full-dev web CE 6.2543, python non-W CE 2.6026\n"}
,{"stream_name":"stdout","time":10970.268292788,"data":"[Taper-minus] [00:40:01] S106-Taper-minus x@1: full-dev web CE 4.5752, x non-W CE 4.1941\n"}
,{"stream_name":"stdout","time":11002.764131981,"data":"[RMS] [00:40:33] S106-RMS python@6104: full-dev web CE 6.2447, python non-W CE 2.6016\n"}
,{"stream_name":"stdout","time":11005.346860736,"data":"[RMS] [00:40:36] S106-RMS: branch 'x' starts from switch d0ebb17507b7\n"}
,{"stream_name":"stdout","time":11029.110159167,"data":"[Taper-minus] [00:41:00] S106-Taper-minus x@10: full-dev web CE 4.6731, x non-W CE 3.8358\n"}
,{"stream_name":"stdout","time":11053.094231338,"data":"[RMS] [00:41:24] S106-RMS x@0: full-dev web CE 4.5846, x non-W CE 4.2858\n"}
,{"stream_name":"stdout","time":11053.296821515,"data":"[RMS] [00:41:24] S106-RMS x@0 lineage: max |dCE| 0.0, max rel dE 0.0 -\u003e ok\n"}
,{"stream_name":"stdout","time":11096.334535267,"data":"[RMS] [00:42:07] S106-RMS x@1: full-dev web CE 4.5911, x non-W CE 4.1897\n"}
,{"stream_name":"stdout","time":11117.023728083,"data":"[Taper-minus] [00:42:28] S106-Taper-minus x@100: full-dev web CE 4.8403, x non-W CE 2.8453\n"}
,{"stream_name":"stdout","time":11134.506833784,"data":"[Taper-minus] [00:42:45] S106-Taper-minus x 149/6104 u=9305 ce=2.9300 gn=1.527 scale=2048.0 10,770 tok/s (incl. eval)\n"}
,{"stream_name":"stdout","time":11156.294550595,"data":"[RMS] [00:43:07] S106-RMS x@10: full-dev web CE 4.7009, x non-W CE 3.8297\n"}
,{"stream_name":"stdout","time":11246.103214768,"data":"[Taper-minus] [00:44:37] S106-Taper-minus x@305: full-dev web CE 5.0543, x non-W CE 2.5281\n"}
,{"stream_name":"stdout","time":11246.490523322,"data":"[RMS] [00:44:37] S106-RMS x@100: full-dev web CE 4.8700, x non-W CE 2.8415\n"}
,{"stream_name":"stdout","time":11264.852991826,"data":"[RMS] [00:44:55] S106-RMS x 149/6104 u=9305 ce=2.9247 gn=1.691 scale=2048.0 10,512 tok/s (incl. eval)\n"}
,{"stream_name":"stdout","time":11284.354657361,"data":"[Taper-minus] [00:45:15] S106-Taper-minus x 399/6104 u=9555 ce=2.0868 gn=1.357 scale=2048.0 27,334 tok/s (incl. eval)\n"}
,{"stream_name":"stdout","time":11380.026331196,"data":"[RMS] [00:46:50] S106-RMS x@305: full-dev web CE 5.0810, x non-W CE 2.5228\n"}
,{"stream_name":"stdout","time":11419.468075469,"data":"[RMS] [00:47:30] S106-RMS x 399/6104 u=9555 ce=2.1043 gn=1.395 scale=2048.0 26,495 tok/s (incl. eval)\n"}
,{"stream_name":"stdout","time":11420.086317532,"data":"[Taper-minus] [00:47:31] S106-Taper-minus x@610: full-dev web CE 5.6334, x non-W CE 2.3630\n"}
,{"stream_name":"stdout","time":11433.963990801,"data":"[Taper-minus] [00:47:44] S106-Taper-minus x 649/6104 u=9805 ce=2.5730 gn=1.375 scale=2048.0 27,374 tok/s (incl. eval)\n"}
,{"stream_name":"stdout","time":11546.210779487,"data":"[Taper-minus] [00:49:37] S106-Taper-minus x 899/6104 u=10055 ce=2.3133 gn=1.195 scale=4096.0 36,498 tok/s (incl. eval)\n"}
,{"stream_name":"stdout","time":11559.220324206,"data":"[RMS] [00:49:50] S106-RMS x@610: full-dev web CE 5.6694, x non-W CE 2.3708\n"}
,{"stream_name":"stdout","time":11573.643250699,"data":"[RMS] [00:50:04] S106-RMS x 649/6104 u=9805 ce=2.5784 gn=1.183 scale=2048.0 26,564 tok/s (incl. eval)\n"}
,{"stream_name":"stdout","time":11593.806456484,"data":"[Taper-minus] [00:50:24] S106-Taper-minus x@915: full-dev web CE 6.0549, x non-W CE 2.2824\n"}
,{"stream_name":"stdout","time":11689.962356197,"data":"[RMS] [00:52:00] S106-RMS x 899/6104 u=10055 ce=2.3180 gn=1.168 scale=4096.0 35,220 tok/s (incl. eval)\n"}
,{"stream_name":"stdout","time":11690.692803731,"data":"[Taper-minus] [00:52:01] S106-Taper-minus x 1149/6104 u=10305 ce=2.1607 gn=1.286 scale=4096.0 28,345 tok/s (incl. eval)\n"}
,{"stream_name":"stdout","time":11738.80037418,"data":"[RMS] [00:52:49] S106-RMS x@915: full-dev web CE 6.1206, x non-W CE 2.2879\n"}
,{"stream_name":"stdout","time":11757.681569284,"data":"[Taper-minus] [00:53:08] S106-Taper-minus x@1220: full-dev web CE 6.3143, x non-W CE 2.2244\n"}
,{"stream_name":"stdout","time":11827.70613629,"data":"[Taper-minus] [00:54:18] S106-Taper-minus x 1399/6104 u=10555 ce=2.0717 gn=1.153 scale=4096.0 29,899 tok/s (incl. eval)\n"}
,{"stream_name":"stdout","time":11839.714153169,"data":"[RMS] [00:54:30] S106-RMS x 1149/6104 u=10305 ce=2.1746 gn=1.235 scale=4096.0 27,348 tok/s (incl. eval)\n"}
,{"stream_name":"stdout","time":11908.665677489,"data":"[RMS] [00:55:39] S106-RMS x@1220: full-dev web CE 6.2951, x non-W CE 2.2350\n"}
,{"stream_name":"stdout","time":11927.768405216,"data":"[Taper-minus] [00:55:58] S106-Taper-minus x@1525: full-dev web CE 6.4310, x non-W CE 2.1850\n"}
,{"stream_name":"stdout","time":11976.537668146,"data":"[Taper-minus] [00:56:47] S106-Taper-minus x 1649/6104 u=10805 ce=2.0430 gn=1.103 scale=4096.0 27,521 tok/s (incl. eval)\n"}
,{"stream_name":"stdout","time":11981.371488258,"data":"[RMS] [00:56:52] S106-RMS x 1399/6104 u=10555 ce=2.0778 gn=1.159 scale=4096.0 28,915 tok/s (incl. eval)\n"}
,{"stream_name":"stdout","time":12084.428600165,"data":"[RMS] [00:58:35] S106-RMS x@1525: full-dev web CE 6.4801, x non-W CE 2.1958\n"}
,{"stream_name":"stdout","time":12087.226204585,"data":"[Taper-minus] [00:58:38] S106-Taper-minus x@1830: full-dev web CE 6.5862, x non-W CE 2.1518\n"}
,{"stream_name":"stdout","time":12111.677278184,"data":"[Taper-minus] [00:59:02] S106-Taper-minus x 1899/6104 u=11055 ce=1.9767 gn=1.182 scale=4096.0 30,305 tok/s (incl. eval)\n"}
,{"stream_name":"stdout","time":12135.163039659,"data":"[RMS] [00:59:26] S106-RMS x 1649/6104 u=10805 ce=2.0626 gn=1.161 scale=4096.0 26,637 tok/s (incl. eval)\n"}
,{"stream_name":"stdout","time":12246.699645286,"data":"[Taper-minus] [01:01:17] S106-Taper-minus x@2135: full-dev web CE 6.7497, x non-W CE 2.1265\n"}
,{"stream_name":"stdout","time":12249.347060238,"data":"[RMS] [01:01:20] S106-RMS x@1830: full-dev web CE 6.7219, x non-W CE 2.1653\n"}
,{"stream_name":"stdout","time":12251.640830833,"data":"[Taper-minus] [01:01:22] S106-Taper-minus x 2149/6104 u=11305 ce=2.0488 gn=1.287 scale=4096.0 29,265 tok/s (incl. eval)\n"}
,{"stream_name":"stdout","time":12274.824158805,"data":"[RMS] [01:01:45] S106-RMS x 1899/6104 u=11055 ce=1.9893 gn=1.141 scale=4096.0 29,324 tok/s (incl. eval)\n"}
,{"stream_name":"stdout","time":12349.747106874,"data":"[Taper-minus] [01:03:00] S106-Taper-minus x 2399/6104 u=11555 ce=2.0129 gn=1.184 scale=4096.0 41,760 tok/s (incl. eval)\n"}
,{"stream_name":"stdout","time":12406.245728476,"data":"[Taper-minus] [01:03:57] S106-Taper-minus x@2440: full-dev web CE 6.7649, x non-W CE 2.1061\n"}
,{"stream_name":"stdout","time":12414.330258038,"data":"[RMS] [01:04:05] S106-RMS x@2135: full-dev web CE 6.8442, x non-W CE 2.1401\n"}
,{"stream_name":"stdout","time":12419.499871642,"data":"[RMS] [01:04:10] S106-RMS x 2149/6104 u=11305 ce=2.0606 gn=1.125 scale=4096.0 28,312 tok/s (incl. eval)\n"}
,{"stream_name":"stdout","time":12489.674001739,"data":"[Taper-minus] [01:05:20] S106-Taper-minus x 2649/6104 u=11805 ce=1.8643 gn=1.134 scale=4096.0 29,298 tok/s (incl. eval)\n"}
,{"stream_name":"stdout","time":12521.360651503,"data":"[RMS] [01:05:52] S106-RMS x 2399/6104 u=11555 ce=2.0235 gn=1.129 scale=4096.0 40,220 tok/s (incl. eval)\n"}
,{"stream_name":"stdout","time":12565.368097055,"data":"[Taper-minus] [01:06:36] S106-Taper-minus x@2745: full-dev web CE 6.7842, x non-W CE 2.0865\n"}
,{"stream_name":"stdout","time":12579.204737452,"data":"[RMS] [01:06:50] S106-RMS x@2440: full-dev web CE 6.7830, x non-W CE 2.1211\n"}
,{"stream_name":"stdout","time":12624.530066601,"data":"[Taper-minus] [01:07:35] S106-Taper-minus x 2899/6104 u=12055 ce=1.9925 gn=1.173 scale=8192.0 30,345 tok/s (incl. eval)\n"}
,{"stream_name":"stdout","time":12665.927174258,"data":"[RMS] [01:08:16] S106-RMS x 2649/6104 u=11805 ce=1.8862 gn=1.097 scale=4096.0 28,333 tok/s (incl. eval)\n"}
,{"stream_name":"stdout","time":12730.911032409,"data":"[Taper-minus] [01:09:21] S106-Taper-minus x@3050: full-dev web CE 6.8378, x non-W CE 2.0716\n"}
,{"stream_name":"stdout","time":12744.153733478,"data":"[RMS] [01:09:35] S106-RMS x@2745: full-dev web CE 6.8431, x non-W CE 2.1010\n"}
,{"stream_name":"stdout","time":12770.660121388,"data":"[Taper-minus] [01:10:01] S106-Taper-minus x 3149/6104 u=12305 ce=1.5499 gn=1.205 scale=8192.0 28,030 tok/s (incl. eval)\n"}
,{"stream_name":"stdout","time":12805.915017798,"data":"[RMS] [01:10:36] S106-RMS x 2899/6104 u=12055 ce=2.0203 gn=1.191 scale=8192.0 29,260 tok/s (incl. eval)\n"}
,{"stream_name":"stdout","time":12890.435055914,"data":"[Taper-minus] [01:12:01] S106-Taper-minus x@3355: full-dev web CE 6.8539, x non-W CE 2.0595\n"}
,{"stream_name":"stdout","time":12906.010271533,"data":"[Taper-minus] [01:12:17] S106-Taper-minus x 3399/6104 u=12555 ce=1.9579 gn=1.093 scale=8192.0 30,257 tok/s (incl. eval)\n"}
,{"stream_name":"stdout","time":12915.720575261,"data":"[RMS] [01:12:26] S106-RMS x@3050: full-dev web CE 6.9372, x non-W CE 2.0846\n"}
,{"stream_name":"stdout","time":12957.110911867,"data":"[RMS] [01:13:08] S106-RMS x 3149/6104 u=12305 ce=1.5572 gn=1.136 scale=8192.0 27,091 tok/s (incl. eval)\n"}
,{"stream_name":"stdout","time":13008.573580918,"data":"[Taper-minus] [01:13:59] S106-Taper-minus x 3649/6104 u=12805 ce=1.7812 gn=1.225 scale=8192.0 39,945 tok/s (incl. eval)\n"}
,{"stream_name":"stdout","time":13049.715781633,"data":"[Taper-minus] [01:14:40] S106-Taper-minus x@3660: full-dev web CE 6.8529, x non-W CE 2.0481\n"}
,{"stream_name":"stdout","time":13080.781268153,"data":"[RMS] [01:15:11] S106-RMS x@3355: full-dev web CE 6.8817, x non-W CE 2.0726\n"}
,{"stream_name":"stdout","time":13097.048802874,"data":"[RMS] [01:15:28] S106-RMS x 3399/6104 u=12555 ce=1.9672 gn=1.159 scale=8192.0 29,266 tok/s (incl. eval)\n"}
,{"stream_name":"stdout","time":13143.840554129,"data":"[Taper-minus] [01:16:14] S106-Taper-minus x 3899/6104 u=13055 ce=1.8477 gn=1.091 scale=8192.0 30,281 tok/s (incl. eval)\n"}
,{"stream_name":"stdout","time":13203.730021594,"data":"[RMS] [01:17:14] S106-RMS x 3649/6104 u=12805 ce=1.7917 gn=1.084 scale=8192.0 38,403 tok/s (incl. eval)\n"}
,{"stream_name":"stdout","time":13209.082222146,"data":"[Taper-minus] [01:17:20] S106-Taper-minus x@3965: full-dev web CE 6.8625, x non-W CE 2.0358\n"}
,{"stream_name":"stdout","time":13245.800957125,"data":"[RMS] [01:17:56] S106-RMS x@3660: full-dev web CE 6.9187, x non-W CE 2.0612\n"}
,{"stream_name":"stdout","time":13283.557912177,"data":"[Taper-minus] [01:18:34] S106-Taper-minus x 4149/6104 u=13305 ce=1.9609 gn=1.179 scale=8192.0 29,316 tok/s (incl. eval)\n"}
,{"stream_name":"stdout","time":13343.62937766,"data":"[RMS] [01:19:34] S106-RMS x 3899/6104 u=13055 ce=1.8524 gn=1.094 scale=8192.0 29,278 tok/s (incl. eval)\n"}
,{"stream_name":"stdout","time":13368.186553718,"data":"[Taper-minus] [01:19:59] S106-Taper-minus x@4270: full-dev web CE 6.8590, x non-W CE 2.0258\n"}
,{"stream_name":"stdout","time":13410.84715849,"data":"[RMS] [01:20:41] S106-RMS x@3965: full-dev web CE 6.8720, x non-W CE 2.0480\n"}
,{"stream_name":"stdout","time":13418.556030427,"data":"[Taper-minus] [01:20:49] S106-Taper-minus x 4399/6104 u=13555 ce=1.8431 gn=1.090 scale=8192.0 30,336 tok/s (incl. eval)\n"}
,{"stream_name":"stdout","time":13488.303297878,"data":"[RMS] [01:21:59] S106-RMS x 4149/6104 u=13305 ce=1.9770 gn=1.133 scale=8192.0 28,312 tok/s (incl. eval)\n"}
,{"stream_name":"stdout","time":13527.617921867,"data":"[Taper-minus] [01:22:38] S106-Taper-minus x@4575: full-dev web CE 6.8923, x non-W CE 2.0185\n"}
,{"stream_name":"stdout","time":13558.528149651,"data":"[Taper-minus] [01:23:09] S106-Taper-minus x 4649/6104 u=13805 ce=1.8564 gn=1.130 scale=8192.0 29,268 tok/s (incl. eval)\n"}
,{"stream_name":"stdout","time":13575.529323925,"data":"[RMS] [01:23:26] S106-RMS x@4270: full-dev web CE 6.8714, x non-W CE 2.0388\n"}
,{"stream_name":"stdout","time":13628.014389894,"data":"[RMS] [01:24:18] S106-RMS x 4399/6104 u=13555 ce=1.8581 gn=1.097 scale=8192.0 29,318 tok/s (incl. eval)\n"}
,{"stream_name":"stdout","time":13688.826808807,"data":"[Taper-minus] [01:25:19] S106-Taper-minus x@4880: full-dev web CE 6.9454, x non-W CE 2.0121\n"}
,{"stream_name":"stdout","time":13695.55482641,"data":"[Taper-minus] [01:25:26] S106-Taper-minus x 4899/6104 u=14055 ce=1.9550 gn=1.137 scale=16384.0 29,887 tok/s (incl. eval)\n"}
,{"stream_name":"stdout","time":13740.6425245,"data":"[RMS] [01:26:11] S106-RMS x@4575: full-dev web CE 6.8872, x non-W CE 2.0308\n"}
,{"stream_name":"stdout","time":13774.455792774,"data":"[RMS] [01:26:45] S106-RMS x 4649/6104 u=13805 ce=1.8759 gn=1.141 scale=8192.0 27,971 tok/s (incl. eval)\n"}
,{"stream_name":"stdout","time":13798.100099815,"data":"[Taper-minus] [01:27:09] S106-Taper-minus x 5149/6104 u=14305 ce=1.8534 gn=1.095 scale=16384.0 39,944 tok/s (incl. eval)\n"}
,{"stream_name":"stdout","time":13848.016093029,"data":"[Taper-minus] [01:27:58] S106-Taper-minus x@5185: full-dev web CE 6.9748, x non-W CE 2.0045\n"}
,{"stream_name":"stdout","time":13907.191767404,"data":"[RMS] [01:28:58] S106-RMS x@4880: full-dev web CE 6.9352, x non-W CE 2.0245\n"}
,{"stream_name":"stdout","time":13914.203905417,"data":"[RMS] [01:29:05] S106-RMS x 4899/6104 u=14055 ce=1.9604 gn=1.163 scale=16384.0 29,305 tok/s (incl. eval)\n"}
,{"stream_name":"stdout","time":13933.196955191,"data":"[Taper-minus] [01:29:24] S106-Taper-minus x 5399/6104 u=14555 ce=1.8169 gn=1.155 scale=16384.0 30,319 tok/s (incl. eval)\n"}
,{"stream_name":"stdout","time":14007.51007101,"data":"[Taper-minus] [01:30:38] S106-Taper-minus x@5490: full-dev web CE 6.9686, x non-W CE 1.9995\n"}
,{"stream_name":"stdout","time":14020.813960783,"data":"[RMS] [01:30:51] S106-RMS x 5149/6104 u=14305 ce=1.8718 gn=1.094 scale=16384.0 38,420 tok/s (incl. eval)\n"}
,{"stream_name":"stdout","time":14072.156422215,"data":"[RMS] [01:31:43] S106-RMS x@5185: full-dev web CE 6.9899, x non-W CE 2.0184\n"}
,{"stream_name":"stdout","time":14073.185771214,"data":"[Taper-minus] [01:31:44] S106-Taper-minus x 5649/6104 u=14805 ce=1.8721 gn=1.234 scale=16384.0 29,259 tok/s (incl. eval)\n"}
,{"stream_name":"stdout","time":14160.699696373,"data":"[RMS] [01:33:11] S106-RMS x 5399/6104 u=14555 ce=1.8289 gn=1.159 scale=16384.0 29,286 tok/s (incl. eval)\n"}
,{"stream_name":"stdout","time":14166.873994905,"data":"[Taper-minus] [01:33:17] S106-Taper-minus x@5795: full-dev web CE 6.9635, x non-W CE 1.9940\n"}
,{"stream_name":"stdout","time":14208.427443871,"data":"[Taper-minus] [01:33:59] S106-Taper-minus x 5899/6104 u=15055 ce=1.9120 gn=1.246 scale=16384.0 30,292 tok/s (incl. eval)\n"}
,{"stream_name":"stdout","time":14237.003694847,"data":"[RMS] [01:34:27] S106-RMS x@5490: full-dev web CE 6.9732, x non-W CE 2.0126\n"}
,{"stream_name":"stdout","time":14305.250385884,"data":"[RMS] [01:35:36] S106-RMS x 5649/6104 u=14805 ce=1.8743 gn=1.146 scale=16384.0 28,336 tok/s (incl. eval)\n"}
,{"stream_name":"stdout","time":14330.859521634,"data":"[Taper-minus] [01:36:01] S106-Taper-minus x@6100: full-dev web CE 6.9621, x non-W CE 1.9898\n"}
,{"stream_name":"stdout","time":14378.185650294,"data":"[Taper-minus] [01:36:49] S106-Taper-minus x@6104: full-dev web CE 6.9535, x non-W CE 1.9906\n"}
,{"stream_name":"stdout","time":14378.270530282,"data":"[Taper-minus] [01:36:49] S106-Taper-minus: COMPLETE\n"}
,{"stream_name":"stdout","time":14378.363527083,"data":"[Taper-minus] [01:36:49] worker Taper-minus: all assigned runs complete\n"}
,{"stream_name":"stdout","time":14401.899035262,"data":"[RMS] [01:37:12] S106-RMS x@5795: full-dev web CE 6.9996, x non-W CE 2.0071\n"}
,{"stream_name":"stdout","time":14445.115126618,"data":"[RMS] [01:37:56] S106-RMS x 5899/6104 u=15055 ce=1.9303 gn=1.134 scale=16384.0 29,284 tok/s (incl. eval)\n"}
,{"stream_name":"stdout","time":14571.470758755,"data":"[RMS] [01:40:02] S106-RMS x@6100: full-dev web CE 6.9722, x non-W CE 2.0036\n"}
,{"stream_name":"stdout","time":14619.368629621,"data":"[RMS] [01:40:50] S106-RMS x@6104: full-dev web CE 6.9754, x non-W CE 2.0051\n"}
,{"stream_name":"stdout","time":14619.459060186,"data":"[RMS] [01:40:50] S106-RMS: COMPLETE\n"}
,{"stream_name":"stdout","time":14619.549791445,"data":"[RMS] [01:40:50] worker RMS: all assigned runs complete\n"}
,{"stream_name":"stdout","time":14627.985430409,"data":"\n"}
,{"stream_name":"stdout","time":14627.986539778,"data":"====================================================================================================\n"}
,{"stream_name":"stdout","time":14627.986894032,"data":"PROGRESS\n"}
,{"stream_name":"stdout","time":14627.987960919,"data":"  S101-RMS: complete\n"}
,{"stream_name":"stdout","time":14627.988843918,"data":"  S102-RMS: complete\n"}
,{"stream_name":"stdout","time":14627.989939093,"data":"  S103-RMS: complete\n"}
,{"stream_name":"stdout","time":14627.991094503,"data":"  S104-RMS: complete\n"}
,{"stream_name":"stdout","time":14627.992129984,"data":"  S105-RMS: complete\n"}
,{"stream_name":"stdout","time":14627.993051695,"data":"  S106-RMS: complete\n"}
,{"stream_name":"stdout","time":14627.994068853,"data":"  S101-Taper-minus: complete\n"}
,{"stream_name":"stdout","time":14627.994907301,"data":"  S102-Taper-minus: complete\n"}
,{"stream_name":"stdout","time":14627.995912184,"data":"  S103-Taper-minus: complete\n"}
,{"stream_name":"stdout","time":14627.996660134,"data":"  S104-Taper-minus: complete\n"}
,{"stream_name":"stdout","time":14627.997483172,"data":"  S105-Taper-minus: complete\n"}
,{"stream_name":"stdout","time":14627.998370311,"data":"  S106-Taper-minus: complete\n"}
,{"stream_name":"stdout","time":14627.999303709,"data":"[01:40:58] RMS: 0 optimizer updates remaining\n"}
,{"stream_name":"stdout","time":14628.000125013,"data":"[01:40:58] Taper-minus: 0 optimizer updates remaining\n"}
,{"stream_name":"stdout","time":14628.00099273,"data":"====================================================================================================\n"}
,{"stream_name":"stdout","time":14628.001907668,"data":"H2 ANSWER (web -\u003e mc4-zh): NO - the effect goes the other way: Taper-minus forgets LESS than RMS after the switch to the selected domain (mean D_X \u003c= -0.03).\n"}
,{"stream_name":"stdout","time":14628.002730974,"data":"H2 decision category: OPPOSITE DIRECTION\n"}
,{"stream_name":"stdout","time":14628.003687866,"data":"R2 ANSWER (web -\u003e Python, seeds 104-106): NO - on the fresh seeds, no persistent excess forgetting \u003e= 0.015 nats/token: the pilot's H1 answer replicates.\n"}
,{"stream_name":"stdout","time":14628.004655455,"data":"R2 decision category: STOP — SMALL OBSERVED EFFECT\n"}
,{"stream_name":"stdout","time":14628.005440317,"data":"Complete: H2 True, R2 True; seed groups with full evidence: H2 6/6, R2 3/3; missing events: 0; incomplete runs: 0\n"}
,{"stream_name":"stdout","time":14628.006321218,"data":"H2 seed 101: D=-0.08861  D3050=-0.02602  Q=-0.08797  prefix gap=0.28%  adaptation RMS=2.2983 Taper=2.3260  matched={1525: -0.04998, 3050: 0.00438, 6104: -0.11368}\n"}
,{"stream_name":"stdout","time":14628.007197156,"data":"H2 seed 102: D=+0.00647  D3050=-0.01762  Q=+0.00735  prefix gap=0.28%  adaptation RMS=2.3110 Taper=2.3340  matched={1525: -0.03341, 3050: -0.07855, 6104: -0.04656}\n"}
,{"stream_name":"stdout","time":14628.007981426,"data":"H2 seed 103: D=-0.03505  D3050=-0.07394  Q=-0.03085  prefix gap=0.34%  adaptation RMS=2.2339 Taper=2.2743  matched={1525: -0.23734, 3050: -0.08188, 6104: -0.08538}\n"}
,{"stream_name":"stdout","time":14628.00898493,"data":"H2 seed 104: D=-0.05133  D3050=+0.00712  Q=-0.04868  prefix gap=0.26%  adaptation RMS=2.2137 Taper=2.2449  matched={1525: -0.02623, 3050: -0.09491, 6104: 0.04597}\n"}
,{"stream_name":"stdout","time":14628.009855777,"data":"H2 seed 105: D=-0.01789  D3050=-0.00698  Q=-0.01531  prefix gap=0.23%  adaptation RMS=2.1751 Taper=2.1854  matched={1525: -0.03847, 3050: -0.0501, 6104: -0.01304}\n"}
,{"stream_name":"stdout","time":14628.010698047,"data":"H2 seed 106: D=-0.00886  D3050=-0.08556  Q=-0.00824  prefix gap=0.30%  adaptation RMS=2.2807 Taper=2.3067  matched={1525: -0.11237, 3050: -0.13577, 6104: -0.01433}\n"}
,{"stream_name":"stdout","time":14628.011606765,"data":"R2 seed 104: D=+0.01602  D3050=+0.02243  Q=+0.01867  prefix gap=0.26%  adaptation RMS=3.5013 Taper=3.5828  matched={1525: 0.00366, 3050: -0.00108, 6104: 0.02714}\n"}
,{"stream_name":"stdout","time":14628.012650522,"data":"R2 seed 105: D=+0.01020  D3050=+0.01969  Q=+0.01278  prefix gap=0.23%  adaptation RMS=3.4243 Taper=3.4357  matched={1525: -0.02822, 3050: -0.00808, 6104: 0.01811}\n"}
,{"stream_name":"stdout","time":14628.013625849,"data":"R2 seed 106: D=+0.00180  D3050=-0.02951  Q=+0.00241  prefix gap=0.30%  adaptation RMS=3.3808 Taper=3.6443  matched={1525: -0.00943, 3050: 0.00142, 6104: 0.00684}\n"}
,{"stream_name":"stdout","time":14628.014444403,"data":"H2: mean D = -0.03255, SD 0.03406, t95 [-0.06830, +0.00321], t90 [-0.06057, -0.00453] (equivalent within +/-0.015: False)\n"}
,{"stream_name":"stdout","time":14628.015284625,"data":"R2: mean D = +0.00934, SD 0.00715, t95 [-0.00842, +0.02709], t90 [-0.00271, +0.02139] (equivalent within +/-0.015: False)\n"}
,{"stream_name":"stdout","time":14628.016234569,"data":"Pooled web-\u003ePython (descriptive): mean D = -0.00649, SD 0.01805, t95 [-0.02543, +0.01245], t90 [-0.02134, +0.00836] (equivalent within +/-0.015: False)\n"}
,{"stream_name":"stdout","time":14628.017100917,"data":"H2 mean_D = -0.03255\n"}
,{"stream_name":"stdout","time":14628.017964878,"data":"H2 mean_D3050 = -0.03383\n"}
,{"stream_name":"stdout","time":14628.018876252,"data":"H2 mean_Q = -0.03062\n"}
,{"stream_name":"stdout","time":14628.019724813,"data":"H2 mean_matched_difference = -0.03784\n"}
,{"stream_name":"stdout","time":14628.020605168,"data":"H2 reason: Mean D \u003c= -0.03\n"}
,{"stream_name":"stdout","time":14628.021436673,"data":"R2 mean_D = +0.00934\n"}
,{"stream_name":"stdout","time":14628.02232575,"data":"R2 mean_D3050 = +0.00420\n"}
,{"stream_name":"stdout","time":14628.023174904,"data":"R2 mean_Q = +0.01129\n"}
,{"stream_name":"stdout","time":14628.02402548,"data":"R2 mean_matched_difference = +0.01736\n"}
,{"stream_name":"stdout","time":14628.024933838,"data":"R2 reason: Mean endpoint D \u003c 0.015; not evidence of equivalence\n"}
,{"stream_name":"stdout","time":14628.025771045,"data":"Manipulation check: {'switch_gap_larger_for_x': False, 'specific_change_larger_for_x': True}\n"}
,{"stream_name":"stdout","time":14628.02668015,"data":"====================================================================================================\n"}
,{"stream_name":"stdout","time":14628.431083423,"data":"runner exit code: 0\n"}
,{"stream_name":"stdout","time":14628.47126605,"data":"H2 ANSWER (web -\u003e mc4-zh): NO - the effect goes the other way: Taper-minus forgets LESS than RMS after the switch to the selected domain (mean D_X \u003c= -0.03).\n"}
,{"stream_name":"stdout","time":14628.471295966,"data":"H2 decision category: OPPOSITE DIRECTION\n"}
,{"stream_name":"stdout","time":14628.471300707,"data":"R2 ANSWER (web -\u003e Python, seeds 104-106): NO - on the fresh seeds, no persistent excess forgetting \u003e= 0.015 nats/token: the pilot's H1 answer replicates.\n"}
,{"stream_name":"stdout","time":14628.471306286,"data":"R2 decision category: STOP — SMALL OBSERVED EFFECT\n"}
,{"stream_name":"stdout","time":14628.471313761,"data":"Complete: H2 True, R2 True; seed groups with full evidence: H2 6/6, R2 3/3; missing events: 0; incomplete runs: 0\n"}
,{"stream_name":"stdout","time":14628.471316483,"data":"H2 seed 101: D=-0.08861  D3050=-0.02602  Q=-0.08797  prefix gap=0.28%  adaptation RMS=2.2983 Taper=2.3260  matched={1525: -0.04998, 3050: 0.00438, 6104: -0.11368}\n"}
,{"stream_name":"stdout","time":14628.471318914,"data":"H2 seed 102: D=+0.00647  D3050=-0.01762  Q=+0.00735  prefix gap=0.28%  adaptation RMS=2.3110 Taper=2.3340  matched={1525: -0.03341, 3050: -0.07855, 6104: -0.04656}\n"}
,{"stream_name":"stdout","time":14628.471321228,"data":"H2 seed 103: D=-0.03505  D3050=-0.07394  Q=-0.03085  prefix gap=0.34%  adaptation RMS=2.2339 Taper=2.2743  matched={1525: -0.23734, 3050: -0.08188, 6104: -0.08538}\n"}
,{"stream_name":"stdout","time":14628.471323534,"data":"H2 seed 104: D=-0.05133  D3050=+0.00712  Q=-0.04868  prefix gap=0.26%  adaptation RMS=2.2137 Taper=2.2449  matched={1525: -0.02623, 3050: -0.09491, 6104: 0.04597}\n"}
,{"stream_name":"stdout","time":14628.471326099,"data":"H2 seed 105: D=-0.01789  D3050=-0.00698  Q=-0.01531  prefix gap=0.23%  adaptation RMS=2.1751 Taper=2.1854  matched={1525: -0.03847, 3050: -0.0501, 6104: -0.01304}\n"}
,{"stream_name":"stdout","time":14628.471365171,"data":"H2 seed 106: D=-0.00886  D3050=-0.08556  Q=-0.00824  prefix gap=0.30%  adaptation RMS=2.2807 Taper=2.3067  matched={1525: -0.11237, 3050: -0.13577, 6104: -0.01433}\n"}
,{"stream_name":"stdout","time":14628.471372271,"data":"R2 seed 104: D=+0.01602  D3050=+0.02243  Q=+0.01867  prefix gap=0.26%  adaptation RMS=3.5013 Taper=3.5828  matched={1525: 0.00366, 3050: -0.00108, 6104: 0.02714}\n"}
,{"stream_name":"stdout","time":14628.471376661,"data":"R2 seed 105: D=+0.01020  D3050=+0.01969  Q=+0.01278  prefix gap=0.23%  adaptation RMS=3.4243 Taper=3.4357  matched={1525: -0.02822, 3050: -0.00808, 6104: 0.01811}\n"}
,{"stream_name":"stdout","time":14628.471380459,"data":"R2 seed 106: D=+0.00180  D3050=-0.02951  Q=+0.00241  prefix gap=0.30%  adaptation RMS=3.3808 Taper=3.6443  matched={1525: -0.00943, 3050: 0.00142, 6104: 0.00684}\n"}
,{"stream_name":"stdout","time":14628.471385691,"data":"H2: mean D = -0.03255, SD 0.03406, t95 [-0.06830, +0.00321], t90 [-0.06057, -0.00453] (equivalent within +/-0.015: False)\n"}
,{"stream_name":"stdout","time":14628.471389291,"data":"R2: mean D = +0.00934, SD 0.00715, t95 [-0.00842, +0.02709], t90 [-0.00271, +0.02139] (equivalent within +/-0.015: False)\n"}
,{"stream_name":"stdout","time":14628.471392922,"data":"Pooled web-\u003ePython (descriptive): mean D = -0.00649, SD 0.01805, t95 [-0.02543, +0.01245], t90 [-0.02134, +0.00836] (equivalent within +/-0.015: False)\n"}
,{"stream_name":"stdout","time":14628.471396735,"data":"H2 mean_D = -0.03255\n"}
,{"stream_name":"stdout","time":14628.471399966,"data":"H2 mean_D3050 = -0.03383\n"}
,{"stream_name":"stdout","time":14628.471404772,"data":"H2 mean_Q = -0.03062\n"}
,{"stream_name":"stdout","time":14628.471411451,"data":"H2 mean_matched_difference = -0.03784\n"}
,{"stream_name":"stdout","time":14628.471413842,"data":"H2 reason: Mean D \u003c= -0.03\n"}
,{"stream_name":"stdout","time":14628.471428476,"data":"R2 mean_D = +0.00934\n"}
,{"stream_name":"stdout","time":14628.471432463,"data":"R2 mean_D3050 = +0.00420\n"}
,{"stream_name":"stdout","time":14628.471435943,"data":"R2 mean_Q = +0.01129\n"}
,{"stream_name":"stdout","time":14628.471439356,"data":"R2 mean_matched_difference = +0.01736\n"}
,{"stream_name":"stdout","time":14628.471443186,"data":"R2 reason: Mean endpoint D \u003c 0.015; not evidence of equivalence\n"}
,{"stream_name":"stdout","time":14628.471447134,"data":"Manipulation check: {'switch_gap_larger_for_x': False, 'specific_change_larger_for_x': True}\n"}
,{"stream_name":"stdout","time":14628.471450637,"data":"\n"}
,{"stream_name":"stderr","time":14630.912648102,"data":"/usr/local/lib/python3.13/dist-packages/mistune.py:435: SyntaxWarning: invalid escape sequence '\\|'\n"}
,{"stream_name":"stderr","time":14630.912678309,"data":"  cells[i][c] = re.sub('\\\\\\\\\\|', '|', cell)\n"}
,{"stream_name":"stderr","time":14631.085273931,"data":"/usr/local/lib/python3.13/dist-packages/nbconvert/filters/filter_links.py:36: SyntaxWarning: invalid escape sequence '\\_'\n"}
,{"stream_name":"stderr","time":14631.085321245,"data":"  text = re.sub(r'_', '\\_', text) # Escape underscores in display text\n"}
,{"stream_name":"stderr","time":14631.878726722,"data":"[NbConvertApp] Converting notebook __notebook__.ipynb to notebook\n"}
,{"stream_name":"stderr","time":14632.006132098,"data":"[NbConvertApp] Writing 222389 bytes to __notebook__.ipynb\n"}
,{"stream_name":"stderr","time":14634.374004217,"data":"[NbConvertApp] Converting notebook __notebook__.ipynb to html\n"}
,{"stream_name":"stderr","time":14635.249139076,"data":"[NbConvertApp] Writing 1010199 bytes to __results__.html\n"}
]